Power Analyzer report for int8_optimized_lut_only
Thu Sep 17 11:52:09 2026
Quartus Prime Version 25.1std.0 Build 1129 10/21/2025 SC Lite Edition


---------------------
; Table of Contents ;
---------------------
  1. Legal Notice
  2. Parallel Compilation
  3. Power Analyzer Summary
  4. Power Analyzer Settings
  5. Operating Conditions Used
  6. Thermal Power Dissipation by Block
  7. Thermal Power Dissipation by Block Type
  8. Thermal Power Dissipation by Hierarchy
  9. Core Dynamic Thermal Power Dissipation by Clock Domain
 10. Current Drawn from Voltage Supplies Summary
 11. VCCIO Supply Current Drawn by I/O Bank
 12. VCCIO Supply Current Drawn by Voltage
 13. Confidence Metric Details
 14. Signal Activities
 15. Power Analyzer Messages



----------------
; Legal Notice ;
----------------
Copyright (C) 2025  Altera Corporation. All rights reserved.
Your use of Altera Corporation's design tools, logic functions 
and other software and tools, and any partner logic 
functions, and any output files from any of the foregoing 
(including device programming or simulation files), and any 
associated documentation or information are expressly subject 
to the terms and conditions of the Altera Program License 
Subscription Agreement, the Altera Quartus Prime License Agreement,
the Altera IP License Agreement, or other applicable license
agreement, including, without limitation, that your use is for
the sole purpose of programming logic devices manufactured by
Altera and sold by Altera or its authorized distributors.  Please
refer to the Altera Software License Subscription Agreements 
on the Quartus Prime software download page.



+------------------------------------------+
; Parallel Compilation                     ;
+----------------------------+-------------+
; Processors                 ; Number      ;
+----------------------------+-------------+
; Number detected on machine ; 6           ;
; Maximum allowed            ; 4           ;
;                            ;             ;
; Average used               ; 1.67        ;
; Maximum used               ; 4           ;
;                            ;             ;
; Usage by Processor         ; % Time Used ;
;     Processor 1            ; 100.0%      ;
;     Processors 2-4         ;  22.3%      ;
+----------------------------+-------------+


+-------------------------------------------------------------------------------------------+
; Power Analyzer Summary                                                                    ;
+----------------------------------------+--------------------------------------------------+
; Power Analyzer Status                  ; Successful - Thu Sep 17 11:52:09 2026            ;
; Quartus Prime Version                  ; 25.1std.0 Build 1129 10/21/2025 SC Lite Edition  ;
; Revision Name                          ; int8_optimized_lut_only                          ;
; Top-level Entity Name                  ; int8_matvec_registered_top                       ;
; Family                                 ; MAX 10                                           ;
; Device                                 ; 10M50DAF484C7G                                   ;
; Power Models                           ; Final                                            ;
; Total Thermal Power Dissipation        ; 128.72 mW                                        ;
; Core Dynamic Thermal Power Dissipation ; 20.91 mW                                         ;
; Core Static Thermal Power Dissipation  ; 90.08 mW                                         ;
; I/O Thermal Power Dissipation          ; 17.73 mW                                         ;
; Power Estimation Confidence            ; Low: user provided insufficient toggle rate data ;
+----------------------------------------+--------------------------------------------------+


+--------------------------------------------------------------------------------------------+
; Power Analyzer Settings                                                                    ;
+------------------------------------------------------------------+---------+---------------+
; Option                                                           ; Setting ; Default Value ;
+------------------------------------------------------------------+---------+---------------+
; Maximum processors allowed for parallel compilation              ; 4       ;               ;
; Use smart compilation                                            ; Off     ; Off           ;
; Enable parallel Assembler and Timing Analyzer during compilation ; On      ; On            ;
; Enable compact report table                                      ; Off     ; Off           ;
; Default Power Toggle Rate                                        ; 12.5%   ; 12.5%         ;
; Default Power Input I/O Toggle Rate                              ; 12.5%   ; 12.5%         ;
; Use vectorless estimation                                        ; On      ; On            ;
; Use Input Files                                                  ; Off     ; Off           ;
; Filter Glitches in VCD File Reader                               ; On      ; On            ;
; Power Analyzer Report Signal Activity                            ; Off     ; Off           ;
; Power Analyzer Report Power Dissipation                          ; Off     ; Off           ;
; Device Power Characteristics                                     ; TYPICAL ; TYPICAL       ;
; Automatically Compute Junction Temperature                       ; On      ; On            ;
; Specified Junction Temperature                                   ; 25      ; 25            ;
; Ambient Temperature                                              ; 25      ; 25            ;
; Use Custom Cooling Solution                                      ; Off     ; Off           ;
; Board Temperature                                                ; 25      ; 25            ;
+------------------------------------------------------------------+---------+---------------+


+-------------------------------------------------------------------------+
; Operating Conditions Used                                               ;
+---------------------------------------------+---------------------------+
; Setting                                     ; Value                     ;
+---------------------------------------------+---------------------------+
; Device power characteristics                ; Typical                   ;
;                                             ;                           ;
; Voltages                                    ;                           ;
;     VCC                                     ; 1.20 V                    ;
;     VCCA                                    ; 2.50 V                    ;
;     VCCD_PLL                                ; 1.20 V                    ;
;     VCCINT                                  ; 1.20 V                    ;
;     VCCA_ADC                                ; 2.50 V                    ;
;     3.3-V LVTTL I/O Standard                ; 3.3 V                     ;
;     2.5 V I/O Standard                      ; 2.5 V                     ;
;     2.5 V Schmitt Trigger I/O Standard      ; 2.5 V                     ;
;                                             ;                           ;
; Auto computed junction temperature          ; 26.1 degrees Celsius      ;
;     Ambient temperature                     ; 25.0 degrees Celsius      ;
;     Junction-to-Case thermal resistance     ; 4.70 degrees Celsius/Watt ;
;     Case-to-Heat Sink thermal resistance    ; 0.10 degrees Celsius/Watt ;
;     Heat Sink-to-Ambient thermal resistance ; 3.50 degrees Celsius/Watt ;
;                                             ;                           ;
; Board model used                            ; None                      ;
+---------------------------------------------+---------------------------+


+----------------------------------------------------------------------------------------------------------------------------------------------+
; Thermal Power Dissipation by Block                                                                                                           ;
+------------+------------+---------------------+-----------------------------+--------------------------------+-------------------------------+
; Block Name ; Block Type ; Total Thermal Power ; Block Thermal Dynamic Power ; Block Thermal Static Power (1) ; Routing Thermal Dynamic Power ;
+------------+------------+---------------------+-----------------------------+--------------------------------+-------------------------------+
(1) The "Thermal Power Dissipation by Block" Table has been hidden. To show this table, please select the "Write power dissipation by block to report file" option under "PowerPlay Power Analyzer Settings".


+--------------------------------------------------------------------------------------------------------------------------------------------------------------------------------------------------------------------+
; Thermal Power Dissipation by Block Type                                                                                                                                                                            ;
+---------------------+-----------------------------------+-----------------------------+--------------------------------+-------------------------------+-----------------------------------------------------------+
; Block Type          ; Total Thermal Power by Block Type ; Block Thermal Dynamic Power ; Block Thermal Static Power (1) ; Routing Thermal Dynamic Power ; Block Average Toggle Rate (millions of transitions / sec) ;
+---------------------+-----------------------------------+-----------------------------+--------------------------------+-------------------------------+-----------------------------------------------------------+
; Clock control block ; 16.13 mW                          ; 0.00 mW                     ; --                             ; 16.13 mW                      ;  400.000                                                  ;
; Register cell       ; 4.79 mW                           ; 4.79 mW                     ; --                             ; 0.00 mW                       ;    0.000                                                  ;
; I/O                 ; 2.14 mW                           ; 2.07 mW                     ; 0.07 mW                        ; 0.00 mW                       ;   44.444                                                  ;
+---------------------+-----------------------------------+-----------------------------+--------------------------------+-------------------------------+-----------------------------------------------------------+
(1) The "Block Thermal Static Power" for all block types except Pins and the Voltage Regulator, if one exists, is part of the "Core Static Thermal Power Dissipation" value found on the PowerPlay Power Analyzer-->Summary report panel. The "Core Static Thermal Power Dissipation" also contains the thermal static power dissipated by the routing.


+---------------------------------------------------------------------------------------------------------------------------------------------------------------------------------------------------------------------------------------------------------------------------------+
; Thermal Power Dissipation by Hierarchy                                                                                                                                                                                                                                          ;
+--------------------------------------+--------------------------------------+---------------------------------+-----------------------------------+-----------------------------------+-----------------------------------------------------------------------------------------+
; Compilation Hierarchy Node           ; Total Thermal Power by Hierarchy (1) ; Block Thermal Dynamic Power (1) ; Block Thermal Static Power (1)(2) ; Routing Thermal Dynamic Power (1) ; Full Hierarchy Name                                                                     ;
+--------------------------------------+--------------------------------------+---------------------------------+-----------------------------------+-----------------------------------+-----------------------------------------------------------------------------------------+
; |int8_matvec_registered_top          ; 23.05 mW (23.05 mW)                  ; 6.85 mW (6.85 mW)               ; 0.07 mW (0.07 mW)                 ; 16.13 mW (16.13 mW)               ; |int8_matvec_registered_top                                                             ;
;     |hard_block:auto_generated_inst  ; 0.00 mW (0.00 mW)                    ; 0.00 mW (0.00 mW)               ; --                                ; 0.00 mW (0.00 mW)                 ; |int8_matvec_registered_top|hard_block:auto_generated_inst                              ;
;     |int8_matvec_4x4:dut             ; 0.00 mW (0.00 mW)                    ; 0.00 mW (0.00 mW)               ; --                                ; 0.00 mW (0.00 mW)                 ; |int8_matvec_registered_top|int8_matvec_4x4:dut                                         ;
;         |lpm_mult:Mult0              ; 0.00 mW (0.00 mW)                    ; 0.00 mW (0.00 mW)               ; --                                ; 0.00 mW (0.00 mW)                 ; |int8_matvec_registered_top|int8_matvec_4x4:dut|lpm_mult:Mult0                          ;
;             |mult_fct:auto_generated ; 0.00 mW (0.00 mW)                    ; 0.00 mW (0.00 mW)               ; --                                ; 0.00 mW (0.00 mW)                 ; |int8_matvec_registered_top|int8_matvec_4x4:dut|lpm_mult:Mult0|mult_fct:auto_generated  ;
;         |lpm_mult:Mult1              ; 0.00 mW (0.00 mW)                    ; 0.00 mW (0.00 mW)               ; --                                ; 0.00 mW (0.00 mW)                 ; |int8_matvec_registered_top|int8_matvec_4x4:dut|lpm_mult:Mult1                          ;
;             |mult_fct:auto_generated ; 0.00 mW (0.00 mW)                    ; 0.00 mW (0.00 mW)               ; --                                ; 0.00 mW (0.00 mW)                 ; |int8_matvec_registered_top|int8_matvec_4x4:dut|lpm_mult:Mult1|mult_fct:auto_generated  ;
;         |lpm_mult:Mult2              ; 0.00 mW (0.00 mW)                    ; 0.00 mW (0.00 mW)               ; --                                ; 0.00 mW (0.00 mW)                 ; |int8_matvec_registered_top|int8_matvec_4x4:dut|lpm_mult:Mult2                          ;
;             |mult_fct:auto_generated ; 0.00 mW (0.00 mW)                    ; 0.00 mW (0.00 mW)               ; --                                ; 0.00 mW (0.00 mW)                 ; |int8_matvec_registered_top|int8_matvec_4x4:dut|lpm_mult:Mult2|mult_fct:auto_generated  ;
;         |lpm_mult:Mult3              ; 0.00 mW (0.00 mW)                    ; 0.00 mW (0.00 mW)               ; --                                ; 0.00 mW (0.00 mW)                 ; |int8_matvec_registered_top|int8_matvec_4x4:dut|lpm_mult:Mult3                          ;
;             |mult_fct:auto_generated ; 0.00 mW (0.00 mW)                    ; 0.00 mW (0.00 mW)               ; --                                ; 0.00 mW (0.00 mW)                 ; |int8_matvec_registered_top|int8_matvec_4x4:dut|lpm_mult:Mult3|mult_fct:auto_generated  ;
;         |lpm_mult:Mult4              ; 0.00 mW (0.00 mW)                    ; 0.00 mW (0.00 mW)               ; --                                ; 0.00 mW (0.00 mW)                 ; |int8_matvec_registered_top|int8_matvec_4x4:dut|lpm_mult:Mult4                          ;
;             |mult_fct:auto_generated ; 0.00 mW (0.00 mW)                    ; 0.00 mW (0.00 mW)               ; --                                ; 0.00 mW (0.00 mW)                 ; |int8_matvec_registered_top|int8_matvec_4x4:dut|lpm_mult:Mult4|mult_fct:auto_generated  ;
;         |lpm_mult:Mult5              ; 0.00 mW (0.00 mW)                    ; 0.00 mW (0.00 mW)               ; --                                ; 0.00 mW (0.00 mW)                 ; |int8_matvec_registered_top|int8_matvec_4x4:dut|lpm_mult:Mult5                          ;
;             |mult_fct:auto_generated ; 0.00 mW (0.00 mW)                    ; 0.00 mW (0.00 mW)               ; --                                ; 0.00 mW (0.00 mW)                 ; |int8_matvec_registered_top|int8_matvec_4x4:dut|lpm_mult:Mult5|mult_fct:auto_generated  ;
;         |lpm_mult:Mult6              ; 0.00 mW (0.00 mW)                    ; 0.00 mW (0.00 mW)               ; --                                ; 0.00 mW (0.00 mW)                 ; |int8_matvec_registered_top|int8_matvec_4x4:dut|lpm_mult:Mult6                          ;
;             |mult_fct:auto_generated ; 0.00 mW (0.00 mW)                    ; 0.00 mW (0.00 mW)               ; --                                ; 0.00 mW (0.00 mW)                 ; |int8_matvec_registered_top|int8_matvec_4x4:dut|lpm_mult:Mult6|mult_fct:auto_generated  ;
;         |lpm_mult:Mult7              ; 0.00 mW (0.00 mW)                    ; 0.00 mW (0.00 mW)               ; --                                ; 0.00 mW (0.00 mW)                 ; |int8_matvec_registered_top|int8_matvec_4x4:dut|lpm_mult:Mult7                          ;
;             |mult_fct:auto_generated ; 0.00 mW (0.00 mW)                    ; 0.00 mW (0.00 mW)               ; --                                ; 0.00 mW (0.00 mW)                 ; |int8_matvec_registered_top|int8_matvec_4x4:dut|lpm_mult:Mult7|mult_fct:auto_generated  ;
;         |lpm_mult:Mult8              ; 0.00 mW (0.00 mW)                    ; 0.00 mW (0.00 mW)               ; --                                ; 0.00 mW (0.00 mW)                 ; |int8_matvec_registered_top|int8_matvec_4x4:dut|lpm_mult:Mult8                          ;
;             |mult_fct:auto_generated ; 0.00 mW (0.00 mW)                    ; 0.00 mW (0.00 mW)               ; --                                ; 0.00 mW (0.00 mW)                 ; |int8_matvec_registered_top|int8_matvec_4x4:dut|lpm_mult:Mult8|mult_fct:auto_generated  ;
;         |lpm_mult:Mult9              ; 0.00 mW (0.00 mW)                    ; 0.00 mW (0.00 mW)               ; --                                ; 0.00 mW (0.00 mW)                 ; |int8_matvec_registered_top|int8_matvec_4x4:dut|lpm_mult:Mult9                          ;
;             |mult_fct:auto_generated ; 0.00 mW (0.00 mW)                    ; 0.00 mW (0.00 mW)               ; --                                ; 0.00 mW (0.00 mW)                 ; |int8_matvec_registered_top|int8_matvec_4x4:dut|lpm_mult:Mult9|mult_fct:auto_generated  ;
;         |lpm_mult:Mult10             ; 0.00 mW (0.00 mW)                    ; 0.00 mW (0.00 mW)               ; --                                ; 0.00 mW (0.00 mW)                 ; |int8_matvec_registered_top|int8_matvec_4x4:dut|lpm_mult:Mult10                         ;
;             |mult_fct:auto_generated ; 0.00 mW (0.00 mW)                    ; 0.00 mW (0.00 mW)               ; --                                ; 0.00 mW (0.00 mW)                 ; |int8_matvec_registered_top|int8_matvec_4x4:dut|lpm_mult:Mult10|mult_fct:auto_generated ;
;         |lpm_mult:Mult11             ; 0.00 mW (0.00 mW)                    ; 0.00 mW (0.00 mW)               ; --                                ; 0.00 mW (0.00 mW)                 ; |int8_matvec_registered_top|int8_matvec_4x4:dut|lpm_mult:Mult11                         ;
;             |mult_fct:auto_generated ; 0.00 mW (0.00 mW)                    ; 0.00 mW (0.00 mW)               ; --                                ; 0.00 mW (0.00 mW)                 ; |int8_matvec_registered_top|int8_matvec_4x4:dut|lpm_mult:Mult11|mult_fct:auto_generated ;
;         |lpm_mult:Mult12             ; 0.00 mW (0.00 mW)                    ; 0.00 mW (0.00 mW)               ; --                                ; 0.00 mW (0.00 mW)                 ; |int8_matvec_registered_top|int8_matvec_4x4:dut|lpm_mult:Mult12                         ;
;             |mult_fct:auto_generated ; 0.00 mW (0.00 mW)                    ; 0.00 mW (0.00 mW)               ; --                                ; 0.00 mW (0.00 mW)                 ; |int8_matvec_registered_top|int8_matvec_4x4:dut|lpm_mult:Mult12|mult_fct:auto_generated ;
;         |lpm_mult:Mult13             ; 0.00 mW (0.00 mW)                    ; 0.00 mW (0.00 mW)               ; --                                ; 0.00 mW (0.00 mW)                 ; |int8_matvec_registered_top|int8_matvec_4x4:dut|lpm_mult:Mult13                         ;
;             |mult_fct:auto_generated ; 0.00 mW (0.00 mW)                    ; 0.00 mW (0.00 mW)               ; --                                ; 0.00 mW (0.00 mW)                 ; |int8_matvec_registered_top|int8_matvec_4x4:dut|lpm_mult:Mult13|mult_fct:auto_generated ;
;         |lpm_mult:Mult14             ; 0.00 mW (0.00 mW)                    ; 0.00 mW (0.00 mW)               ; --                                ; 0.00 mW (0.00 mW)                 ; |int8_matvec_registered_top|int8_matvec_4x4:dut|lpm_mult:Mult14                         ;
;             |mult_fct:auto_generated ; 0.00 mW (0.00 mW)                    ; 0.00 mW (0.00 mW)               ; --                                ; 0.00 mW (0.00 mW)                 ; |int8_matvec_registered_top|int8_matvec_4x4:dut|lpm_mult:Mult14|mult_fct:auto_generated ;
;         |lpm_mult:Mult15             ; 0.00 mW (0.00 mW)                    ; 0.00 mW (0.00 mW)               ; --                                ; 0.00 mW (0.00 mW)                 ; |int8_matvec_registered_top|int8_matvec_4x4:dut|lpm_mult:Mult15                         ;
;             |mult_fct:auto_generated ; 0.00 mW (0.00 mW)                    ; 0.00 mW (0.00 mW)               ; --                                ; 0.00 mW (0.00 mW)                 ; |int8_matvec_registered_top|int8_matvec_4x4:dut|lpm_mult:Mult15|mult_fct:auto_generated ;
+--------------------------------------+--------------------------------------+---------------------------------+-----------------------------------+-----------------------------------+-----------------------------------------------------------------------------------------+
(1) Value in parentheses is the power consumed at that level of hierarchy. Value not in parentheses is the power consumed at that level of hierarchy plus the power consumed by all levels of hierarchy below it.

(2) The "Block Thermal Static Power" for all levels of hierarchy except the top-level hierarchy is part of the "Core Static Thermal Power Dissipation" value found on the PowerPlay Power Analyzer-->Summary report panel. The "Core Static Thermal Power Dissipation" also contains the thermal static power dissipated by the routing.


+-----------------------------------------------------------------+
; Core Dynamic Thermal Power Dissipation by Clock Domain          ;
+--------------+-----------------------+--------------------------+
; Clock Domain ; Clock Frequency (MHz) ; Total Core Dynamic Power ;
+--------------+-----------------------+--------------------------+
; clk          ; 200.00                ; 20.91                    ;
+--------------+-----------------------+--------------------------+


+------------------------------------------------------------------------------------------------------------------------------------+
; Current Drawn from Voltage Supplies Summary                                                                                        ;
+----------------+-------------------------+---------------------------+--------------------------+----------------------------------+
; Voltage Supply ; Total Current Drawn (1) ; Dynamic Current Drawn (1) ; Static Current Drawn (1) ; Minimum Power Supply Current (2) ;
+----------------+-------------------------+---------------------------+--------------------------+----------------------------------+
; VCC            ; 29.36 mA                ; 17.50 mA                  ; 11.86 mA                 ; 29.36 mA                         ;
; VCCIO          ; 6.05 mA                 ; 0.57 mA                   ; 5.49 mA                  ; 6.05 mA                          ;
; VCCA           ; 25.80 mA                ; 0.00 mA                   ; 25.80 mA                 ; 25.80 mA                         ;
; VCCD_PLL       ; 9.25 mA                 ; 0.00 mA                   ; 9.25 mA                  ; 9.25 mA                          ;
; VCCINT         ; 0.21 mA                 ; 0.00 mA                   ; 0.21 mA                  ; 0.21 mA                          ;
; VCCA_ADC       ; 0.00 mA                 ; 0.00 mA                   ; 0.00 mA                  ; 0.00 mA                          ;
+----------------+-------------------------+---------------------------+--------------------------+----------------------------------+
(1) Currents reported in columns "Total Current Drawn", "Dynamic Current Drawn", and "Static Current Drawn" are sufficient for user operation of the device.  
(2) Currents reported in column "Minimum Power Supply Current" are sufficient for power-up, configuration, and user operation of the device.


+-----------------------------------------------------------------------------------------------+
; VCCIO Supply Current Drawn by I/O Bank                                                        ;
+----------+---------------+---------------------+-----------------------+----------------------+
; I/O Bank ; VCCIO Voltage ; Total Current Drawn ; Dynamic Current Drawn ; Static Current Drawn ;
+----------+---------------+---------------------+-----------------------+----------------------+
; 1A       ; 2.5V          ; 0.38 mA             ; 0.00 mA               ; 0.38 mA              ;
; 1B       ; 2.5V          ; 0.39 mA             ; 0.00 mA               ; 0.39 mA              ;
; 2        ; 3.3V          ; 3.03 mA             ; 0.57 mA               ; 2.47 mA              ;
; 3        ; 2.5V          ; 0.38 mA             ; 0.00 mA               ; 0.38 mA              ;
; 4        ; 2.5V          ; 0.38 mA             ; 0.00 mA               ; 0.38 mA              ;
; 5        ; 2.5V          ; 0.38 mA             ; 0.00 mA               ; 0.38 mA              ;
; 6        ; 2.5V          ; 0.38 mA             ; 0.00 mA               ; 0.38 mA              ;
; 7        ; 2.5V          ; 0.38 mA             ; 0.00 mA               ; 0.38 mA              ;
; 8        ; 2.5V          ; 0.38 mA             ; 0.00 mA               ; 0.38 mA              ;
+----------+---------------+---------------------+-----------------------+----------------------+


+-----------------------------------------------------------------------------------------------------------------------------------+
; VCCIO Supply Current Drawn by Voltage                                                                                             ;
+---------------+-------------------------+---------------------------+--------------------------+----------------------------------+
; VCCIO Voltage ; Total Current Drawn (1) ; Dynamic Current Drawn (1) ; Static Current Drawn (1) ; Minimum Power Supply Current (2) ;
+---------------+-------------------------+---------------------------+--------------------------+----------------------------------+
; 2.5V          ; 3.02 mA                 ; 0.00 mA                   ; 3.02 mA                  ; 3.02 mA                          ;
; 3.3V          ; 3.03 mA                 ; 0.57 mA                   ; 2.47 mA                  ; 3.03 mA                          ;
+---------------+-------------------------+---------------------------+--------------------------+----------------------------------+
(1) Currents reported in columns "Total Current Drawn", "Dynamic Current Drawn", and "Static Current Drawn" are sufficient for user operation of the device.  
(2) Currents reported in column "Minimum Power Supply Current" are sufficient for power-up, configuration, and user operation of the device.


+--------------------------------------------------------------------------------------------------------------------------------------------------+
; Confidence Metric Details                                                                                                                        ;
+----------------------------------------------------------------------------------------+--------------+-----------+--------------+---------------+
; Data Source                                                                            ; Total        ; Pin       ; Registered   ; Combinational ;
+----------------------------------------------------------------------------------------+--------------+-----------+--------------+---------------+
; Simulation (from file)                                                                 ;              ;           ;              ;               ;
;     -- Number of signals with Toggle Rate from Simulation                              ; 0 (0.0%)     ; 0 (0.0%)  ; 0 (0.0%)     ; 0 (0.0%)      ;
;     -- Number of signals with Static Probability from Simulation                       ; 0 (0.0%)     ; 0 (0.0%)  ; 0 (0.0%)     ; 0 (0.0%)      ;
;                                                                                        ;              ;           ;              ;               ;
; Node, entity or clock assignment                                                       ;              ;           ;              ;               ;
;     -- Number of signals with Toggle Rate from Node, entity or clock assignment        ; 2 (0.1%)     ; 1 (11.1%) ; 0 (0.0%)     ; 1 (0.0%)      ;
;     -- Number of signals with Static Probability from Node, entity or clock assignment ; 2 (0.1%)     ; 1 (11.1%) ; 0 (0.0%)     ; 1 (0.0%)      ;
;                                                                                        ;              ;           ;              ;               ;
; Vectorless estimation                                                                  ;              ;           ;              ;               ;
;     -- Number of signals with Toggle Rate from Vectorless estimation                   ; 2992 (99.7%) ; 1 (11.1%) ; 288 (100.0%) ; 2703 (100.0%) ;
;     -- Number of signals with Zero toggle rate, from Vectorless estimation             ; 2991 (99.7%) ; 1 (11.1%) ; 288 (100.0%) ; 2702 (99.9%)  ;
;     -- Number of signals with Static Probability from Vectorless estimation            ; 2992 (99.7%) ; 1 (11.1%) ; 288 (100.0%) ; 2703 (100.0%) ;
;                                                                                        ;              ;           ;              ;               ;
; Default assignment                                                                     ;              ;           ;              ;               ;
;     -- Number of signals with Toggle Rate from Default assignment                      ; 0 (0.0%)     ; 0 (0.0%)  ; 0 (0.0%)     ; 0 (0.0%)      ;
;     -- Number of signals with Static Probability from Default assignment               ; 7 (0.2%)     ; 7 (77.8%) ; 0 (0.0%)     ; 0 (0.0%)      ;
;                                                                                        ;              ;           ;              ;               ;
; Assumed 0                                                                              ;              ;           ;              ;               ;
;     -- Number of signals with Toggle Rate assumed 0                                    ; 7 (0.2%)     ; 7 (77.8%) ; 0 (0.0%)     ; 0 (0.0%)      ;
+----------------------------------------------------------------------------------------+--------------+-----------+--------------+---------------+


+---------------------------------------------------------------------------------------------------------------------------------------------+
; Signal Activities                                                                                                                           ;
+--------+------+---------------------------------------------+-------------------------+--------------------+--------------------------------+
; Signal ; Type ; Toggle Rate (millions of transitions / sec) ; Toggle Rate Data Source ; Static Probability ; Static Probability Data Source ;
+--------+------+---------------------------------------------+-------------------------+--------------------+--------------------------------+
(1) The "Signal Activity" Table has been hidden. To show this table, please select the "Write signal activities to report file" option under "PowerPlay Power Analyzer Settings".


+-------------------------+
; Power Analyzer Messages ;
+-------------------------+
Info: *******************************************************************
Info: Running Quartus Prime Power Analyzer
    Info: Version 25.1std.0 Build 1129 10/21/2025 SC Lite Edition
    Info: Copyright (C) 2025  Altera Corporation. All rights reserved.
    Info: Your use of Altera Corporation's design tools, logic functions 
    Info: and other software and tools, and any partner logic 
    Info: functions, and any output files from any of the foregoing 
    Info: (including device programming or simulation files), and any 
    Info: associated documentation or information are expressly subject 
    Info: to the terms and conditions of the Altera Program License 
    Info: Subscription Agreement, the Altera Quartus Prime License Agreement,
    Info: the Altera IP License Agreement, or other applicable license
    Info: agreement, including, without limitation, that your use is for
    Info: the sole purpose of programming logic devices manufactured by
    Info: Altera and sold by Altera or its authorized distributors.  Please
    Info: refer to the Altera Software License Subscription Agreements 
    Info: on the Quartus Prime software download page.
    Info: Processing started: Thu Sep 17 11:51:01 2026
Info: Command: quartus_pow int8_optimized_lut_only --read_settings_files=on --write_settings_files=off
Info (21076): High junction temperature operating condition is not set. Assuming a default value of '85'.
Info (21076): Low junction temperature operating condition is not set. Assuming a default value of '0'.
Info (332104): Reading SDC File: 'int8_optimized_lut_only.sdc'
Info (223000): Starting Vectorless Power Activity Estimation
Info (223001): Completed Vectorless Power Activity Estimation
Info (218000): Using Advanced I/O Power to simulate I/O buffers with the specified board trace model
Warning (215044): No board thermal model was selected.  Analyzing without board thermal modeling.
Info (334003): Started post-fitting delay annotation
Info (334004): Delay annotation completed successfully
Info (215049): Average toggle rate for this design is 0.267 millions of transitions / sec
Info (215031): Total thermal power estimate for the design is 128.72 mW
Info: Quartus Prime Power Analyzer was successful. 0 errors, 1 warning
    Info: Peak virtual memory: 833 megabytes
    Info: Processing ended: Thu Sep 17 11:52:11 2026
    Info: Elapsed time: 00:01:10
    Info: Total CPU time (on all processors): 00:01:33


