Flow report for int8_baseline_dsp_auto
Thu Sep 17 11:14:38 2026
Quartus Prime Version 25.1std.0 Build 1129 10/21/2025 SC Lite Edition


---------------------
; Table of Contents ;
---------------------
  1. Legal Notice
  2. Flow Summary
  3. Flow Settings
  4. Flow Non-Default Global Settings
  5. Flow Elapsed Time
  6. Flow OS Summary
  7. Flow Log
  8. Flow Messages
  9. Flow Suppressed Messages



----------------
; Legal Notice ;
----------------
Copyright (C) 2025  Altera Corporation. All rights reserved.
Your use of Altera Corporation's design tools, logic functions 
and other software and tools, and any partner logic 
functions, and any output files from any of the foregoing 
(including device programming or simulation files), and any 
associated documentation or information are expressly subject 
to the terms and conditions of the Altera Program License 
Subscription Agreement, the Altera Quartus Prime License Agreement,
the Altera IP License Agreement, or other applicable license
agreement, including, without limitation, that your use is for
the sole purpose of programming logic devices manufactured by
Altera and sold by Altera or its authorized distributors.  Please
refer to the Altera Software License Subscription Agreements 
on the Quartus Prime software download page.



+--------------------------------------------------------------------------------------+
; Flow Summary                                                                         ;
+------------------------------------+-------------------------------------------------+
; Flow Status                        ; Successful - Thu Sep 17 11:14:37 2026           ;
; Quartus Prime Version              ; 25.1std.0 Build 1129 10/21/2025 SC Lite Edition ;
; Revision Name                      ; int8_baseline_dsp_auto                          ;
; Top-level Entity Name              ; int8_matvec_registered_top                      ;
; Family                             ; MAX 10                                          ;
; Device                             ; 10M50DAF484C7G                                  ;
; Timing Models                      ; Final                                           ;
; Total logic elements               ; 273 / 49,760 ( < 1 % )                          ;
;     Total combinational functions  ; 221 / 49,760 ( < 1 % )                          ;
;     Dedicated logic registers      ; 128 / 49,760 ( < 1 % )                          ;
; Total registers                    ; 128                                             ;
; Total pins                         ; 1 / 360 ( < 1 % )                               ;
; Total virtual pins                 ; 288                                             ;
; Total memory bits                  ; 0 / 1,677,312 ( 0 % )                           ;
; Embedded Multiplier 9-bit elements ; 16 / 288 ( 6 % )                                ;
; Total PLLs                         ; 0 / 4 ( 0 % )                                   ;
; UFM blocks                         ; 0 / 1 ( 0 % )                                   ;
; ADC blocks                         ; 0 / 2 ( 0 % )                                   ;
+------------------------------------+-------------------------------------------------+


+--------------------------------------------+
; Flow Settings                              ;
+-------------------+------------------------+
; Option            ; Setting                ;
+-------------------+------------------------+
; Start date & time ; 09/17/2026 11:05:21    ;
; Main task         ; Compilation            ;
; Revision Name     ; int8_baseline_dsp_auto ;
+-------------------+------------------------+


+---------------------------------------------------------------------------------------------------------------+
; Flow Non-Default Global Settings                                                                              ;
+--------------------------+--------------------------------+------------------------+-------------+------------+
; Assignment Name          ; Value                          ; Default Value          ; Entity Name ; Section Id ;
+--------------------------+--------------------------------+------------------------+-------------+------------+
; COMPILER_SIGNATURE_ID    ; 90526465548362.178963591506695 ; --                     ; --          ; --         ;
; NUM_PARALLEL_PROCESSORS  ; 4                              ; --                     ; --          ; --         ;
; PROJECT_OUTPUT_DIRECTORY ; output_files                   ; --                     ; --          ; --         ;
; TOP_LEVEL_ENTITY         ; int8_matvec_registered_top     ; int8_baseline_dsp_auto ; --          ; --         ;
+--------------------------+--------------------------------+------------------------+-------------+------------+


+--------------------------------------------------------------------------------------------------------------------------+
; Flow Elapsed Time                                                                                                        ;
+----------------------+--------------+-------------------------+---------------------+------------------------------------+
; Module Name          ; Elapsed Time ; Average Processors Used ; Peak Virtual Memory ; Total CPU Time (on all processors) ;
+----------------------+--------------+-------------------------+---------------------+------------------------------------+
; Analysis & Synthesis ; 00:02:45     ; 1.0                     ; 402 MB              ; 00:04:11                           ;
; Fitter               ; 00:02:27     ; 1.1                     ; 1077 MB             ; 00:03:06                           ;
; Assembler            ; 00:00:27     ; 1.0                     ; 367 MB              ; 00:00:25                           ;
; Timing Analyzer      ; 00:00:48     ; 1.2                     ; 538 MB              ; 00:00:44                           ;
; Power Analyzer       ; 00:00:54     ; 1.3                     ; 826 MB              ; 00:00:55                           ;
; Total                ; 00:07:21     ; --                      ; --                  ; 00:09:21                           ;
+----------------------+--------------+-------------------------+---------------------+------------------------------------+


+---------------------------------------------------------------------------------+
; Flow OS Summary                                                                 ;
+----------------------+------------------+---------+------------+----------------+
; Module Name          ; Machine Hostname ; OS Name ; OS Version ; Processor type ;
+----------------------+------------------+---------+------------+----------------+
; Analysis & Synthesis ; colima-quartus   ; Ubuntu  ; 24         ; x86_64         ;
; Fitter               ; colima-quartus   ; Ubuntu  ; 24         ; x86_64         ;
; Assembler            ; colima-quartus   ; Ubuntu  ; 24         ; x86_64         ;
; Timing Analyzer      ; colima-quartus   ; Ubuntu  ; 24         ; x86_64         ;
; Power Analyzer       ; colima-quartus   ; Ubuntu  ; 24         ; x86_64         ;
+----------------------+------------------+---------+------------+----------------+


------------
; Flow Log ;
------------
quartus_map --read_settings_files=on --write_settings_files=off int8_baseline_dsp_auto -c int8_baseline_dsp_auto
quartus_fit --read_settings_files=off --write_settings_files=off int8_baseline_dsp_auto -c int8_baseline_dsp_auto
quartus_asm --read_settings_files=off --write_settings_files=off int8_baseline_dsp_auto -c int8_baseline_dsp_auto
quartus_sta int8_baseline_dsp_auto -c int8_baseline_dsp_auto
quartus_pow int8_baseline_dsp_auto --read_settings_files=on --write_settings_files=off



