Info: *******************************************************************
Info: Running Quartus Prime Shell
    Info: Version 25.1std.0 Build 1129 10/21/2025 SC Lite Edition
    Info: Copyright (C) 2025  Altera Corporation. All rights reserved.
    Info: Your use of Altera Corporation's design tools, logic functions 
    Info: and other software and tools, and any partner logic 
    Info: functions, and any output files from any of the foregoing 
    Info: (including device programming or simulation files), and any 
    Info: associated documentation or information are expressly subject 
    Info: to the terms and conditions of the Altera Program License 
    Info: Subscription Agreement, the Altera Quartus Prime License Agreement,
    Info: the Altera IP License Agreement, or other applicable license
    Info: agreement, including, without limitation, that your use is for
    Info: the sole purpose of programming logic devices manufactured by
    Info: Altera and sold by Altera or its authorized distributors.  Please
    Info: refer to the Altera Software License Subscription Agreements 
    Info: on the Quartus Prime software download page.
    Info: Processing started: Thu Sep 17 11:25:47 2026
Info: Command: quartus_sh --flow compile int8_baseline_lut_only
Info: Quartus(args): compile int8_baseline_lut_only
Info: Project Name = /workspace/rtl-quartus-publication-20260917/experiments/quartus-int8-matvec/output-public/baseline/lut_only/int8_baseline_lut_only
Info: Revision Name = int8_baseline_lut_only
Info: *******************************************************************
Info: Running Quartus Prime Analysis & Synthesis
    Info: Version 25.1std.0 Build 1129 10/21/2025 SC Lite Edition
    Info: Processing started: Thu Sep 17 11:26:33 2026
Info: Command: quartus_map --read_settings_files=on --write_settings_files=off int8_baseline_lut_only -c int8_baseline_lut_only
Info (20032): Parallel compilation is enabled and will use up to 4 processors
Info (12021): Found 1 design units, including 1 entities, in source file /workspace/rtl-quartus-publication-20260917/cases/int8-matvec/rtl/baseline/int8_matvec_4x4.sv
    Info (12023): Found entity 1: int8_matvec_4x4 File: /workspace/rtl-quartus-publication-20260917/cases/int8-matvec/rtl/baseline/int8_matvec_4x4.sv Line: 4
Info (12021): Found 1 design units, including 1 entities, in source file /workspace/rtl-quartus-publication-20260917/experiments/quartus-int8-matvec/rtl/int8_matvec_registered_top.sv
    Info (12023): Found entity 1: int8_matvec_registered_top File: /workspace/rtl-quartus-publication-20260917/experiments/quartus-int8-matvec/rtl/int8_matvec_registered_top.sv Line: 4
Info (12127): Elaborating entity "int8_matvec_registered_top" for the top level hierarchy
Info (12128): Elaborating entity "int8_matvec_4x4" for hierarchy "int8_matvec_4x4:dut" File: /workspace/rtl-quartus-publication-20260917/experiments/quartus-int8-matvec/rtl/int8_matvec_registered_top.sv Line: 73
Info (278001): Inferred 16 megafunctions from design logic
    Info (278003): Inferred multiplier megafunction ("lpm_mult") from the following logic: "int8_matvec_4x4:dut|Mult3" File: /workspace/rtl-quartus-publication-20260917/cases/int8-matvec/rtl/baseline/int8_matvec_4x4.sv Line: 44
    Info (278003): Inferred multiplier megafunction ("lpm_mult") from the following logic: "int8_matvec_4x4:dut|Mult7" File: /workspace/rtl-quartus-publication-20260917/cases/int8-matvec/rtl/baseline/int8_matvec_4x4.sv Line: 48
    Info (278003): Inferred multiplier megafunction ("lpm_mult") from the following logic: "int8_matvec_4x4:dut|Mult11" File: /workspace/rtl-quartus-publication-20260917/cases/int8-matvec/rtl/baseline/int8_matvec_4x4.sv Line: 52
    Info (278003): Inferred multiplier megafunction ("lpm_mult") from the following logic: "int8_matvec_4x4:dut|Mult15" File: /workspace/rtl-quartus-publication-20260917/cases/int8-matvec/rtl/baseline/int8_matvec_4x4.sv Line: 56
    Info (278003): Inferred multiplier megafunction ("lpm_mult") from the following logic: "int8_matvec_4x4:dut|Mult2" File: /workspace/rtl-quartus-publication-20260917/cases/int8-matvec/rtl/baseline/int8_matvec_4x4.sv Line: 43
    Info (278003): Inferred multiplier megafunction ("lpm_mult") from the following logic: "int8_matvec_4x4:dut|Mult6" File: /workspace/rtl-quartus-publication-20260917/cases/int8-matvec/rtl/baseline/int8_matvec_4x4.sv Line: 47
    Info (278003): Inferred multiplier megafunction ("lpm_mult") from the following logic: "int8_matvec_4x4:dut|Mult10" File: /workspace/rtl-quartus-publication-20260917/cases/int8-matvec/rtl/baseline/int8_matvec_4x4.sv Line: 51
    Info (278003): Inferred multiplier megafunction ("lpm_mult") from the following logic: "int8_matvec_4x4:dut|Mult14" File: /workspace/rtl-quartus-publication-20260917/cases/int8-matvec/rtl/baseline/int8_matvec_4x4.sv Line: 55
    Info (278003): Inferred multiplier megafunction ("lpm_mult") from the following logic: "int8_matvec_4x4:dut|Mult1" File: /workspace/rtl-quartus-publication-20260917/cases/int8-matvec/rtl/baseline/int8_matvec_4x4.sv Line: 42
    Info (278003): Inferred multiplier megafunction ("lpm_mult") from the following logic: "int8_matvec_4x4:dut|Mult0" File: /workspace/rtl-quartus-publication-20260917/cases/int8-matvec/rtl/baseline/int8_matvec_4x4.sv Line: 41
    Info (278003): Inferred multiplier megafunction ("lpm_mult") from the following logic: "int8_matvec_4x4:dut|Mult5" File: /workspace/rtl-quartus-publication-20260917/cases/int8-matvec/rtl/baseline/int8_matvec_4x4.sv Line: 46
    Info (278003): Inferred multiplier megafunction ("lpm_mult") from the following logic: "int8_matvec_4x4:dut|Mult4" File: /workspace/rtl-quartus-publication-20260917/cases/int8-matvec/rtl/baseline/int8_matvec_4x4.sv Line: 45
    Info (278003): Inferred multiplier megafunction ("lpm_mult") from the following logic: "int8_matvec_4x4:dut|Mult9" File: /workspace/rtl-quartus-publication-20260917/cases/int8-matvec/rtl/baseline/int8_matvec_4x4.sv Line: 50
    Info (278003): Inferred multiplier megafunction ("lpm_mult") from the following logic: "int8_matvec_4x4:dut|Mult8" File: /workspace/rtl-quartus-publication-20260917/cases/int8-matvec/rtl/baseline/int8_matvec_4x4.sv Line: 49
    Info (278003): Inferred multiplier megafunction ("lpm_mult") from the following logic: "int8_matvec_4x4:dut|Mult13" File: /workspace/rtl-quartus-publication-20260917/cases/int8-matvec/rtl/baseline/int8_matvec_4x4.sv Line: 54
    Info (278003): Inferred multiplier megafunction ("lpm_mult") from the following logic: "int8_matvec_4x4:dut|Mult12" File: /workspace/rtl-quartus-publication-20260917/cases/int8-matvec/rtl/baseline/int8_matvec_4x4.sv Line: 53
Info (12130): Elaborated megafunction instantiation "int8_matvec_4x4:dut|lpm_mult:Mult3" File: /workspace/rtl-quartus-publication-20260917/cases/int8-matvec/rtl/baseline/int8_matvec_4x4.sv Line: 44
Info (12133): Instantiated megafunction "int8_matvec_4x4:dut|lpm_mult:Mult3" with the following parameter: File: /workspace/rtl-quartus-publication-20260917/cases/int8-matvec/rtl/baseline/int8_matvec_4x4.sv Line: 44
    Info (12134): Parameter "LPM_WIDTHA" = "8"
    Info (12134): Parameter "LPM_WIDTHB" = "8"
    Info (12134): Parameter "LPM_WIDTHP" = "16"
    Info (12134): Parameter "LPM_WIDTHR" = "16"
    Info (12134): Parameter "LPM_WIDTHS" = "1"
    Info (12134): Parameter "LPM_REPRESENTATION" = "SIGNED"
    Info (12134): Parameter "INPUT_A_IS_CONSTANT" = "NO"
    Info (12134): Parameter "INPUT_B_IS_CONSTANT" = "NO"
    Info (12134): Parameter "MAXIMIZE_SPEED" = "5"
Info (12021): Found 1 design units, including 1 entities, in source file db/mult_fct.tdf
    Info (12023): Found entity 1: mult_fct File: /workspace/rtl-quartus-publication-20260917/experiments/quartus-int8-matvec/output-public/baseline/lut_only/db/mult_fct.tdf Line: 29
Info (13014): Ignored 1856 buffer(s)
    Info (13016): Ignored 96 CARRY_SUM buffer(s)
    Info (13019): Ignored 1760 SOFT buffer(s)
Info (286030): Timing-Driven Synthesis is running
Info (16010): Generating hard_block partition "hard_block:auto_generated_inst"
    Info (16011): Adding 0 node(s), including 0 DDIO, 0 PLL, 0 transceiver and 0 LCELL
Info (15717): Design contains 288 virtual pins; timing numbers associated with paths containing virtual pins are estimates
    Info (15719): Pin "y0[0]" is virtual output pin File: /workspace/rtl-quartus-publication-20260917/experiments/quartus-int8-matvec/rtl/int8_matvec_registered_top.sv Line: 39
    Info (15719): Pin "y0[1]" is virtual output pin File: /workspace/rtl-quartus-publication-20260917/experiments/quartus-int8-matvec/rtl/int8_matvec_registered_top.sv Line: 39
    Info (15719): Pin "y0[2]" is virtual output pin File: /workspace/rtl-quartus-publication-20260917/experiments/quartus-int8-matvec/rtl/int8_matvec_registered_top.sv Line: 39
    Info (15719): Pin "y0[3]" is virtual output pin File: /workspace/rtl-quartus-publication-20260917/experiments/quartus-int8-matvec/rtl/int8_matvec_registered_top.sv Line: 39
    Info (15719): Pin "y0[4]" is virtual output pin File: /workspace/rtl-quartus-publication-20260917/experiments/quartus-int8-matvec/rtl/int8_matvec_registered_top.sv Line: 39
    Info (15719): Pin "y0[5]" is virtual output pin File: /workspace/rtl-quartus-publication-20260917/experiments/quartus-int8-matvec/rtl/int8_matvec_registered_top.sv Line: 39
    Info (15719): Pin "y0[6]" is virtual output pin File: /workspace/rtl-quartus-publication-20260917/experiments/quartus-int8-matvec/rtl/int8_matvec_registered_top.sv Line: 39
    Info (15719): Pin "y0[7]" is virtual output pin File: /workspace/rtl-quartus-publication-20260917/experiments/quartus-int8-matvec/rtl/int8_matvec_registered_top.sv Line: 39
    Info (15719): Pin "y0[8]" is virtual output pin File: /workspace/rtl-quartus-publication-20260917/experiments/quartus-int8-matvec/rtl/int8_matvec_registered_top.sv Line: 39
    Info (15719): Pin "y0[9]" is virtual output pin File: /workspace/rtl-quartus-publication-20260917/experiments/quartus-int8-matvec/rtl/int8_matvec_registered_top.sv Line: 39
    Info (15719): Pin "y0[10]" is virtual output pin File: /workspace/rtl-quartus-publication-20260917/experiments/quartus-int8-matvec/rtl/int8_matvec_registered_top.sv Line: 39
    Info (15719): Pin "y0[11]" is virtual output pin File: /workspace/rtl-quartus-publication-20260917/experiments/quartus-int8-matvec/rtl/int8_matvec_registered_top.sv Line: 39
    Info (15719): Pin "y0[12]" is virtual output pin File: /workspace/rtl-quartus-publication-20260917/experiments/quartus-int8-matvec/rtl/int8_matvec_registered_top.sv Line: 39
    Info (15719): Pin "y0[13]" is virtual output pin File: /workspace/rtl-quartus-publication-20260917/experiments/quartus-int8-matvec/rtl/int8_matvec_registered_top.sv Line: 39
    Info (15719): Pin "y0[14]" is virtual output pin File: /workspace/rtl-quartus-publication-20260917/experiments/quartus-int8-matvec/rtl/int8_matvec_registered_top.sv Line: 39
    Info (15719): Pin "y0[15]" is virtual output pin File: /workspace/rtl-quartus-publication-20260917/experiments/quartus-int8-matvec/rtl/int8_matvec_registered_top.sv Line: 39
    Info (15719): Pin "y0[16]" is virtual output pin File: /workspace/rtl-quartus-publication-20260917/experiments/quartus-int8-matvec/rtl/int8_matvec_registered_top.sv Line: 39
    Info (15719): Pin "y0[17]" is virtual output pin File: /workspace/rtl-quartus-publication-20260917/experiments/quartus-int8-matvec/rtl/int8_matvec_registered_top.sv Line: 39
    Info (15719): Pin "y0[18]" is virtual output pin File: /workspace/rtl-quartus-publication-20260917/experiments/quartus-int8-matvec/rtl/int8_matvec_registered_top.sv Line: 39
    Info (15719): Pin "y0[19]" is virtual output pin File: /workspace/rtl-quartus-publication-20260917/experiments/quartus-int8-matvec/rtl/int8_matvec_registered_top.sv Line: 39
    Info (15719): Pin "y0[20]" is virtual output pin File: /workspace/rtl-quartus-publication-20260917/experiments/quartus-int8-matvec/rtl/int8_matvec_registered_top.sv Line: 39
    Info (15719): Pin "y0[21]" is virtual output pin File: /workspace/rtl-quartus-publication-20260917/experiments/quartus-int8-matvec/rtl/int8_matvec_registered_top.sv Line: 39
    Info (15719): Pin "y0[22]" is virtual output pin File: /workspace/rtl-quartus-publication-20260917/experiments/quartus-int8-matvec/rtl/int8_matvec_registered_top.sv Line: 39
    Info (15719): Pin "y0[23]" is virtual output pin File: /workspace/rtl-quartus-publication-20260917/experiments/quartus-int8-matvec/rtl/int8_matvec_registered_top.sv Line: 39
    Info (15719): Pin "y0[24]" is virtual output pin File: /workspace/rtl-quartus-publication-20260917/experiments/quartus-int8-matvec/rtl/int8_matvec_registered_top.sv Line: 39
    Info (15719): Pin "y0[25]" is virtual output pin File: /workspace/rtl-quartus-publication-20260917/experiments/quartus-int8-matvec/rtl/int8_matvec_registered_top.sv Line: 39
    Info (15719): Pin "y0[26]" is virtual output pin File: /workspace/rtl-quartus-publication-20260917/experiments/quartus-int8-matvec/rtl/int8_matvec_registered_top.sv Line: 39
    Info (15719): Pin "y0[27]" is virtual output pin File: /workspace/rtl-quartus-publication-20260917/experiments/quartus-int8-matvec/rtl/int8_matvec_registered_top.sv Line: 39
    Info (15719): Pin "y0[28]" is virtual output pin File: /workspace/rtl-quartus-publication-20260917/experiments/quartus-int8-matvec/rtl/int8_matvec_registered_top.sv Line: 39
    Info (15719): Pin "y0[29]" is virtual output pin File: /workspace/rtl-quartus-publication-20260917/experiments/quartus-int8-matvec/rtl/int8_matvec_registered_top.sv Line: 39
    Info (15719): Pin "y0[30]" is virtual output pin File: /workspace/rtl-quartus-publication-20260917/experiments/quartus-int8-matvec/rtl/int8_matvec_registered_top.sv Line: 39
    Info (15719): Pin "y0[31]" is virtual output pin File: /workspace/rtl-quartus-publication-20260917/experiments/quartus-int8-matvec/rtl/int8_matvec_registered_top.sv Line: 39
    Info (15719): Pin "y1[0]" is virtual output pin File: /workspace/rtl-quartus-publication-20260917/experiments/quartus-int8-matvec/rtl/int8_matvec_registered_top.sv Line: 39
    Info (15719): Pin "y1[1]" is virtual output pin File: /workspace/rtl-quartus-publication-20260917/experiments/quartus-int8-matvec/rtl/int8_matvec_registered_top.sv Line: 39
    Info (15719): Pin "y1[2]" is virtual output pin File: /workspace/rtl-quartus-publication-20260917/experiments/quartus-int8-matvec/rtl/int8_matvec_registered_top.sv Line: 39
    Info (15719): Pin "y1[3]" is virtual output pin File: /workspace/rtl-quartus-publication-20260917/experiments/quartus-int8-matvec/rtl/int8_matvec_registered_top.sv Line: 39
    Info (15719): Pin "y1[4]" is virtual output pin File: /workspace/rtl-quartus-publication-20260917/experiments/quartus-int8-matvec/rtl/int8_matvec_registered_top.sv Line: 39
    Info (15719): Pin "y1[5]" is virtual output pin File: /workspace/rtl-quartus-publication-20260917/experiments/quartus-int8-matvec/rtl/int8_matvec_registered_top.sv Line: 39
    Info (15719): Pin "y1[6]" is virtual output pin File: /workspace/rtl-quartus-publication-20260917/experiments/quartus-int8-matvec/rtl/int8_matvec_registered_top.sv Line: 39
    Info (15719): Pin "y1[7]" is virtual output pin File: /workspace/rtl-quartus-publication-20260917/experiments/quartus-int8-matvec/rtl/int8_matvec_registered_top.sv Line: 39
    Info (15719): Pin "y1[8]" is virtual output pin File: /workspace/rtl-quartus-publication-20260917/experiments/quartus-int8-matvec/rtl/int8_matvec_registered_top.sv Line: 39
    Info (15719): Pin "y1[9]" is virtual output pin File: /workspace/rtl-quartus-publication-20260917/experiments/quartus-int8-matvec/rtl/int8_matvec_registered_top.sv Line: 39
    Info (15719): Pin "y1[10]" is virtual output pin File: /workspace/rtl-quartus-publication-20260917/experiments/quartus-int8-matvec/rtl/int8_matvec_registered_top.sv Line: 39
    Info (15719): Pin "y1[11]" is virtual output pin File: /workspace/rtl-quartus-publication-20260917/experiments/quartus-int8-matvec/rtl/int8_matvec_registered_top.sv Line: 39
    Info (15719): Pin "y1[12]" is virtual output pin File: /workspace/rtl-quartus-publication-20260917/experiments/quartus-int8-matvec/rtl/int8_matvec_registered_top.sv Line: 39
    Info (15719): Pin "y1[13]" is virtual output pin File: /workspace/rtl-quartus-publication-20260917/experiments/quartus-int8-matvec/rtl/int8_matvec_registered_top.sv Line: 39
    Info (15719): Pin "y1[14]" is virtual output pin File: /workspace/rtl-quartus-publication-20260917/experiments/quartus-int8-matvec/rtl/int8_matvec_registered_top.sv Line: 39
    Info (15719): Pin "y1[15]" is virtual output pin File: /workspace/rtl-quartus-publication-20260917/experiments/quartus-int8-matvec/rtl/int8_matvec_registered_top.sv Line: 39
    Info (15719): Pin "y1[16]" is virtual output pin File: /workspace/rtl-quartus-publication-20260917/experiments/quartus-int8-matvec/rtl/int8_matvec_registered_top.sv Line: 39
    Info (15719): Pin "y1[17]" is virtual output pin File: /workspace/rtl-quartus-publication-20260917/experiments/quartus-int8-matvec/rtl/int8_matvec_registered_top.sv Line: 39
    Info (15719): Pin "y1[18]" is virtual output pin File: /workspace/rtl-quartus-publication-20260917/experiments/quartus-int8-matvec/rtl/int8_matvec_registered_top.sv Line: 39
    Info (15719): Pin "y1[19]" is virtual output pin File: /workspace/rtl-quartus-publication-20260917/experiments/quartus-int8-matvec/rtl/int8_matvec_registered_top.sv Line: 39
    Info (15719): Pin "y1[20]" is virtual output pin File: /workspace/rtl-quartus-publication-20260917/experiments/quartus-int8-matvec/rtl/int8_matvec_registered_top.sv Line: 39
    Info (15719): Pin "y1[21]" is virtual output pin File: /workspace/rtl-quartus-publication-20260917/experiments/quartus-int8-matvec/rtl/int8_matvec_registered_top.sv Line: 39
    Info (15719): Pin "y1[22]" is virtual output pin File: /workspace/rtl-quartus-publication-20260917/experiments/quartus-int8-matvec/rtl/int8_matvec_registered_top.sv Line: 39
    Info (15719): Pin "y1[23]" is virtual output pin File: /workspace/rtl-quartus-publication-20260917/experiments/quartus-int8-matvec/rtl/int8_matvec_registered_top.sv Line: 39
    Info (15719): Pin "y1[24]" is virtual output pin File: /workspace/rtl-quartus-publication-20260917/experiments/quartus-int8-matvec/rtl/int8_matvec_registered_top.sv Line: 39
    Info (15719): Pin "y1[25]" is virtual output pin File: /workspace/rtl-quartus-publication-20260917/experiments/quartus-int8-matvec/rtl/int8_matvec_registered_top.sv Line: 39
    Info (15719): Pin "y1[26]" is virtual output pin File: /workspace/rtl-quartus-publication-20260917/experiments/quartus-int8-matvec/rtl/int8_matvec_registered_top.sv Line: 39
    Info (15719): Pin "y1[27]" is virtual output pin File: /workspace/rtl-quartus-publication-20260917/experiments/quartus-int8-matvec/rtl/int8_matvec_registered_top.sv Line: 39
    Info (15719): Pin "y1[28]" is virtual output pin File: /workspace/rtl-quartus-publication-20260917/experiments/quartus-int8-matvec/rtl/int8_matvec_registered_top.sv Line: 39
    Info (15719): Pin "y1[29]" is virtual output pin File: /workspace/rtl-quartus-publication-20260917/experiments/quartus-int8-matvec/rtl/int8_matvec_registered_top.sv Line: 39
    Info (15719): Pin "y1[30]" is virtual output pin File: /workspace/rtl-quartus-publication-20260917/experiments/quartus-int8-matvec/rtl/int8_matvec_registered_top.sv Line: 39
    Info (15719): Pin "y1[31]" is virtual output pin File: /workspace/rtl-quartus-publication-20260917/experiments/quartus-int8-matvec/rtl/int8_matvec_registered_top.sv Line: 39
    Info (15719): Pin "y2[0]" is virtual output pin File: /workspace/rtl-quartus-publication-20260917/experiments/quartus-int8-matvec/rtl/int8_matvec_registered_top.sv Line: 39
    Info (15719): Pin "y2[1]" is virtual output pin File: /workspace/rtl-quartus-publication-20260917/experiments/quartus-int8-matvec/rtl/int8_matvec_registered_top.sv Line: 39
    Info (15719): Pin "y2[2]" is virtual output pin File: /workspace/rtl-quartus-publication-20260917/experiments/quartus-int8-matvec/rtl/int8_matvec_registered_top.sv Line: 39
    Info (15719): Pin "y2[3]" is virtual output pin File: /workspace/rtl-quartus-publication-20260917/experiments/quartus-int8-matvec/rtl/int8_matvec_registered_top.sv Line: 39
    Info (15719): Pin "y2[4]" is virtual output pin File: /workspace/rtl-quartus-publication-20260917/experiments/quartus-int8-matvec/rtl/int8_matvec_registered_top.sv Line: 39
    Info (15719): Pin "y2[5]" is virtual output pin File: /workspace/rtl-quartus-publication-20260917/experiments/quartus-int8-matvec/rtl/int8_matvec_registered_top.sv Line: 39
    Info (15719): Pin "y2[6]" is virtual output pin File: /workspace/rtl-quartus-publication-20260917/experiments/quartus-int8-matvec/rtl/int8_matvec_registered_top.sv Line: 39
    Info (15719): Pin "y2[7]" is virtual output pin File: /workspace/rtl-quartus-publication-20260917/experiments/quartus-int8-matvec/rtl/int8_matvec_registered_top.sv Line: 39
    Info (15719): Pin "y2[8]" is virtual output pin File: /workspace/rtl-quartus-publication-20260917/experiments/quartus-int8-matvec/rtl/int8_matvec_registered_top.sv Line: 39
    Info (15719): Pin "y2[9]" is virtual output pin File: /workspace/rtl-quartus-publication-20260917/experiments/quartus-int8-matvec/rtl/int8_matvec_registered_top.sv Line: 39
    Info (15719): Pin "y2[10]" is virtual output pin File: /workspace/rtl-quartus-publication-20260917/experiments/quartus-int8-matvec/rtl/int8_matvec_registered_top.sv Line: 39
    Info (15719): Pin "y2[11]" is virtual output pin File: /workspace/rtl-quartus-publication-20260917/experiments/quartus-int8-matvec/rtl/int8_matvec_registered_top.sv Line: 39
    Info (15719): Pin "y2[12]" is virtual output pin File: /workspace/rtl-quartus-publication-20260917/experiments/quartus-int8-matvec/rtl/int8_matvec_registered_top.sv Line: 39
    Info (15719): Pin "y2[13]" is virtual output pin File: /workspace/rtl-quartus-publication-20260917/experiments/quartus-int8-matvec/rtl/int8_matvec_registered_top.sv Line: 39
    Info (15719): Pin "y2[14]" is virtual output pin File: /workspace/rtl-quartus-publication-20260917/experiments/quartus-int8-matvec/rtl/int8_matvec_registered_top.sv Line: 39
    Info (15719): Pin "y2[15]" is virtual output pin File: /workspace/rtl-quartus-publication-20260917/experiments/quartus-int8-matvec/rtl/int8_matvec_registered_top.sv Line: 39
    Info (15719): Pin "y2[16]" is virtual output pin File: /workspace/rtl-quartus-publication-20260917/experiments/quartus-int8-matvec/rtl/int8_matvec_registered_top.sv Line: 39
    Info (15719): Pin "y2[17]" is virtual output pin File: /workspace/rtl-quartus-publication-20260917/experiments/quartus-int8-matvec/rtl/int8_matvec_registered_top.sv Line: 39
    Info (15719): Pin "y2[18]" is virtual output pin File: /workspace/rtl-quartus-publication-20260917/experiments/quartus-int8-matvec/rtl/int8_matvec_registered_top.sv Line: 39
    Info (15719): Pin "y2[19]" is virtual output pin File: /workspace/rtl-quartus-publication-20260917/experiments/quartus-int8-matvec/rtl/int8_matvec_registered_top.sv Line: 39
    Info (15719): Pin "y2[20]" is virtual output pin File: /workspace/rtl-quartus-publication-20260917/experiments/quartus-int8-matvec/rtl/int8_matvec_registered_top.sv Line: 39
    Info (15719): Pin "y2[21]" is virtual output pin File: /workspace/rtl-quartus-publication-20260917/experiments/quartus-int8-matvec/rtl/int8_matvec_registered_top.sv Line: 39
    Info (15719): Pin "y2[22]" is virtual output pin File: /workspace/rtl-quartus-publication-20260917/experiments/quartus-int8-matvec/rtl/int8_matvec_registered_top.sv Line: 39
    Info (15719): Pin "y2[23]" is virtual output pin File: /workspace/rtl-quartus-publication-20260917/experiments/quartus-int8-matvec/rtl/int8_matvec_registered_top.sv Line: 39
    Info (15719): Pin "y2[24]" is virtual output pin File: /workspace/rtl-quartus-publication-20260917/experiments/quartus-int8-matvec/rtl/int8_matvec_registered_top.sv Line: 39
    Info (15719): Pin "y2[25]" is virtual output pin File: /workspace/rtl-quartus-publication-20260917/experiments/quartus-int8-matvec/rtl/int8_matvec_registered_top.sv Line: 39
    Info (15719): Pin "y2[26]" is virtual output pin File: /workspace/rtl-quartus-publication-20260917/experiments/quartus-int8-matvec/rtl/int8_matvec_registered_top.sv Line: 39
    Info (15719): Pin "y2[27]" is virtual output pin File: /workspace/rtl-quartus-publication-20260917/experiments/quartus-int8-matvec/rtl/int8_matvec_registered_top.sv Line: 39
    Info (15719): Pin "y2[28]" is virtual output pin File: /workspace/rtl-quartus-publication-20260917/experiments/quartus-int8-matvec/rtl/int8_matvec_registered_top.sv Line: 39
    Info (15719): Pin "y2[29]" is virtual output pin File: /workspace/rtl-quartus-publication-20260917/experiments/quartus-int8-matvec/rtl/int8_matvec_registered_top.sv Line: 39
    Info (15719): Pin "y2[30]" is virtual output pin File: /workspace/rtl-quartus-publication-20260917/experiments/quartus-int8-matvec/rtl/int8_matvec_registered_top.sv Line: 39
    Info (15719): Pin "y2[31]" is virtual output pin File: /workspace/rtl-quartus-publication-20260917/experiments/quartus-int8-matvec/rtl/int8_matvec_registered_top.sv Line: 39
    Info (15719): Pin "y3[0]" is virtual output pin File: /workspace/rtl-quartus-publication-20260917/experiments/quartus-int8-matvec/rtl/int8_matvec_registered_top.sv Line: 39
    Info (15719): Pin "y3[1]" is virtual output pin File: /workspace/rtl-quartus-publication-20260917/experiments/quartus-int8-matvec/rtl/int8_matvec_registered_top.sv Line: 39
    Info (15719): Pin "y3[2]" is virtual output pin File: /workspace/rtl-quartus-publication-20260917/experiments/quartus-int8-matvec/rtl/int8_matvec_registered_top.sv Line: 39
    Info (15719): Pin "y3[3]" is virtual output pin File: /workspace/rtl-quartus-publication-20260917/experiments/quartus-int8-matvec/rtl/int8_matvec_registered_top.sv Line: 39
    Info (15719): Pin "y3[4]" is virtual output pin File: /workspace/rtl-quartus-publication-20260917/experiments/quartus-int8-matvec/rtl/int8_matvec_registered_top.sv Line: 39
    Info (15719): Pin "y3[5]" is virtual output pin File: /workspace/rtl-quartus-publication-20260917/experiments/quartus-int8-matvec/rtl/int8_matvec_registered_top.sv Line: 39
    Info (15719): Pin "y3[6]" is virtual output pin File: /workspace/rtl-quartus-publication-20260917/experiments/quartus-int8-matvec/rtl/int8_matvec_registered_top.sv Line: 39
    Info (15719): Pin "y3[7]" is virtual output pin File: /workspace/rtl-quartus-publication-20260917/experiments/quartus-int8-matvec/rtl/int8_matvec_registered_top.sv Line: 39
    Info (15719): Pin "y3[8]" is virtual output pin File: /workspace/rtl-quartus-publication-20260917/experiments/quartus-int8-matvec/rtl/int8_matvec_registered_top.sv Line: 39
    Info (15719): Pin "y3[9]" is virtual output pin File: /workspace/rtl-quartus-publication-20260917/experiments/quartus-int8-matvec/rtl/int8_matvec_registered_top.sv Line: 39
    Info (15719): Pin "y3[10]" is virtual output pin File: /workspace/rtl-quartus-publication-20260917/experiments/quartus-int8-matvec/rtl/int8_matvec_registered_top.sv Line: 39
    Info (15719): Pin "y3[11]" is virtual output pin File: /workspace/rtl-quartus-publication-20260917/experiments/quartus-int8-matvec/rtl/int8_matvec_registered_top.sv Line: 39
    Info (15719): Pin "y3[12]" is virtual output pin File: /workspace/rtl-quartus-publication-20260917/experiments/quartus-int8-matvec/rtl/int8_matvec_registered_top.sv Line: 39
    Info (15719): Pin "y3[13]" is virtual output pin File: /workspace/rtl-quartus-publication-20260917/experiments/quartus-int8-matvec/rtl/int8_matvec_registered_top.sv Line: 39
    Info (15719): Pin "y3[14]" is virtual output pin File: /workspace/rtl-quartus-publication-20260917/experiments/quartus-int8-matvec/rtl/int8_matvec_registered_top.sv Line: 39
    Info (15719): Pin "y3[15]" is virtual output pin File: /workspace/rtl-quartus-publication-20260917/experiments/quartus-int8-matvec/rtl/int8_matvec_registered_top.sv Line: 39
    Info (15719): Pin "y3[16]" is virtual output pin File: /workspace/rtl-quartus-publication-20260917/experiments/quartus-int8-matvec/rtl/int8_matvec_registered_top.sv Line: 39
    Info (15719): Pin "y3[17]" is virtual output pin File: /workspace/rtl-quartus-publication-20260917/experiments/quartus-int8-matvec/rtl/int8_matvec_registered_top.sv Line: 39
    Info (15719): Pin "y3[18]" is virtual output pin File: /workspace/rtl-quartus-publication-20260917/experiments/quartus-int8-matvec/rtl/int8_matvec_registered_top.sv Line: 39
    Info (15719): Pin "y3[19]" is virtual output pin File: /workspace/rtl-quartus-publication-20260917/experiments/quartus-int8-matvec/rtl/int8_matvec_registered_top.sv Line: 39
    Info (15719): Pin "y3[20]" is virtual output pin File: /workspace/rtl-quartus-publication-20260917/experiments/quartus-int8-matvec/rtl/int8_matvec_registered_top.sv Line: 39
    Info (15719): Pin "y3[21]" is virtual output pin File: /workspace/rtl-quartus-publication-20260917/experiments/quartus-int8-matvec/rtl/int8_matvec_registered_top.sv Line: 39
    Info (15719): Pin "y3[22]" is virtual output pin File: /workspace/rtl-quartus-publication-20260917/experiments/quartus-int8-matvec/rtl/int8_matvec_registered_top.sv Line: 39
    Info (15719): Pin "y3[23]" is virtual output pin File: /workspace/rtl-quartus-publication-20260917/experiments/quartus-int8-matvec/rtl/int8_matvec_registered_top.sv Line: 39
    Info (15719): Pin "y3[24]" is virtual output pin File: /workspace/rtl-quartus-publication-20260917/experiments/quartus-int8-matvec/rtl/int8_matvec_registered_top.sv Line: 39
    Info (15719): Pin "y3[25]" is virtual output pin File: /workspace/rtl-quartus-publication-20260917/experiments/quartus-int8-matvec/rtl/int8_matvec_registered_top.sv Line: 39
    Info (15719): Pin "y3[26]" is virtual output pin File: /workspace/rtl-quartus-publication-20260917/experiments/quartus-int8-matvec/rtl/int8_matvec_registered_top.sv Line: 39
    Info (15719): Pin "y3[27]" is virtual output pin File: /workspace/rtl-quartus-publication-20260917/experiments/quartus-int8-matvec/rtl/int8_matvec_registered_top.sv Line: 39
    Info (15719): Pin "y3[28]" is virtual output pin File: /workspace/rtl-quartus-publication-20260917/experiments/quartus-int8-matvec/rtl/int8_matvec_registered_top.sv Line: 39
    Info (15719): Pin "y3[29]" is virtual output pin File: /workspace/rtl-quartus-publication-20260917/experiments/quartus-int8-matvec/rtl/int8_matvec_registered_top.sv Line: 39
    Info (15719): Pin "y3[30]" is virtual output pin File: /workspace/rtl-quartus-publication-20260917/experiments/quartus-int8-matvec/rtl/int8_matvec_registered_top.sv Line: 39
    Info (15719): Pin "y3[31]" is virtual output pin File: /workspace/rtl-quartus-publication-20260917/experiments/quartus-int8-matvec/rtl/int8_matvec_registered_top.sv Line: 39
    Info (15718): Pin "x1[1]" is virtual input pin File: /workspace/rtl-quartus-publication-20260917/experiments/quartus-int8-matvec/rtl/int8_matvec_registered_top.sv Line: 7
    Info (15718): Pin "x0[1]" is virtual input pin File: /workspace/rtl-quartus-publication-20260917/experiments/quartus-int8-matvec/rtl/int8_matvec_registered_top.sv Line: 6
    Info (15718): Pin "x2[1]" is virtual input pin File: /workspace/rtl-quartus-publication-20260917/experiments/quartus-int8-matvec/rtl/int8_matvec_registered_top.sv Line: 8
    Info (15718): Pin "x3[1]" is virtual input pin File: /workspace/rtl-quartus-publication-20260917/experiments/quartus-int8-matvec/rtl/int8_matvec_registered_top.sv Line: 9
    Info (15718): Pin "x1[3]" is virtual input pin File: /workspace/rtl-quartus-publication-20260917/experiments/quartus-int8-matvec/rtl/int8_matvec_registered_top.sv Line: 7
    Info (15718): Pin "x1[2]" is virtual input pin File: /workspace/rtl-quartus-publication-20260917/experiments/quartus-int8-matvec/rtl/int8_matvec_registered_top.sv Line: 7
    Info (15718): Pin "x0[3]" is virtual input pin File: /workspace/rtl-quartus-publication-20260917/experiments/quartus-int8-matvec/rtl/int8_matvec_registered_top.sv Line: 6
    Info (15718): Pin "x0[2]" is virtual input pin File: /workspace/rtl-quartus-publication-20260917/experiments/quartus-int8-matvec/rtl/int8_matvec_registered_top.sv Line: 6
    Info (15718): Pin "x2[3]" is virtual input pin File: /workspace/rtl-quartus-publication-20260917/experiments/quartus-int8-matvec/rtl/int8_matvec_registered_top.sv Line: 8
    Info (15718): Pin "x2[2]" is virtual input pin File: /workspace/rtl-quartus-publication-20260917/experiments/quartus-int8-matvec/rtl/int8_matvec_registered_top.sv Line: 8
    Info (15718): Pin "x3[3]" is virtual input pin File: /workspace/rtl-quartus-publication-20260917/experiments/quartus-int8-matvec/rtl/int8_matvec_registered_top.sv Line: 9
    Info (15718): Pin "x3[2]" is virtual input pin File: /workspace/rtl-quartus-publication-20260917/experiments/quartus-int8-matvec/rtl/int8_matvec_registered_top.sv Line: 9
    Info (15718): Pin "x1[5]" is virtual input pin File: /workspace/rtl-quartus-publication-20260917/experiments/quartus-int8-matvec/rtl/int8_matvec_registered_top.sv Line: 7
    Info (15718): Pin "x1[4]" is virtual input pin File: /workspace/rtl-quartus-publication-20260917/experiments/quartus-int8-matvec/rtl/int8_matvec_registered_top.sv Line: 7
    Info (15718): Pin "x0[5]" is virtual input pin File: /workspace/rtl-quartus-publication-20260917/experiments/quartus-int8-matvec/rtl/int8_matvec_registered_top.sv Line: 6
    Info (15718): Pin "x0[4]" is virtual input pin File: /workspace/rtl-quartus-publication-20260917/experiments/quartus-int8-matvec/rtl/int8_matvec_registered_top.sv Line: 6
    Info (15718): Pin "x2[5]" is virtual input pin File: /workspace/rtl-quartus-publication-20260917/experiments/quartus-int8-matvec/rtl/int8_matvec_registered_top.sv Line: 8
    Info (15718): Pin "x2[4]" is virtual input pin File: /workspace/rtl-quartus-publication-20260917/experiments/quartus-int8-matvec/rtl/int8_matvec_registered_top.sv Line: 8
    Info (15718): Pin "x3[5]" is virtual input pin File: /workspace/rtl-quartus-publication-20260917/experiments/quartus-int8-matvec/rtl/int8_matvec_registered_top.sv Line: 9
    Info (15718): Pin "x3[4]" is virtual input pin File: /workspace/rtl-quartus-publication-20260917/experiments/quartus-int8-matvec/rtl/int8_matvec_registered_top.sv Line: 9
    Info (15718): Pin "x1[7]" is virtual input pin File: /workspace/rtl-quartus-publication-20260917/experiments/quartus-int8-matvec/rtl/int8_matvec_registered_top.sv Line: 7
    Info (15718): Pin "x0[7]" is virtual input pin File: /workspace/rtl-quartus-publication-20260917/experiments/quartus-int8-matvec/rtl/int8_matvec_registered_top.sv Line: 6
    Info (15718): Pin "x2[7]" is virtual input pin File: /workspace/rtl-quartus-publication-20260917/experiments/quartus-int8-matvec/rtl/int8_matvec_registered_top.sv Line: 8
    Info (15718): Pin "x3[7]" is virtual input pin File: /workspace/rtl-quartus-publication-20260917/experiments/quartus-int8-matvec/rtl/int8_matvec_registered_top.sv Line: 9
    Info (15718): Pin "x1[0]" is virtual input pin File: /workspace/rtl-quartus-publication-20260917/experiments/quartus-int8-matvec/rtl/int8_matvec_registered_top.sv Line: 7
    Info (15718): Pin "w01[0]" is virtual input pin File: /workspace/rtl-quartus-publication-20260917/experiments/quartus-int8-matvec/rtl/int8_matvec_registered_top.sv Line: 11
    Info (15718): Pin "x0[0]" is virtual input pin File: /workspace/rtl-quartus-publication-20260917/experiments/quartus-int8-matvec/rtl/int8_matvec_registered_top.sv Line: 6
    Info (15718): Pin "w00[0]" is virtual input pin File: /workspace/rtl-quartus-publication-20260917/experiments/quartus-int8-matvec/rtl/int8_matvec_registered_top.sv Line: 10
    Info (15718): Pin "x2[0]" is virtual input pin File: /workspace/rtl-quartus-publication-20260917/experiments/quartus-int8-matvec/rtl/int8_matvec_registered_top.sv Line: 8
    Info (15718): Pin "w02[0]" is virtual input pin File: /workspace/rtl-quartus-publication-20260917/experiments/quartus-int8-matvec/rtl/int8_matvec_registered_top.sv Line: 12
    Info (15718): Pin "x3[0]" is virtual input pin File: /workspace/rtl-quartus-publication-20260917/experiments/quartus-int8-matvec/rtl/int8_matvec_registered_top.sv Line: 9
    Info (15718): Pin "w03[0]" is virtual input pin File: /workspace/rtl-quartus-publication-20260917/experiments/quartus-int8-matvec/rtl/int8_matvec_registered_top.sv Line: 13
    Info (15718): Pin "w01[1]" is virtual input pin File: /workspace/rtl-quartus-publication-20260917/experiments/quartus-int8-matvec/rtl/int8_matvec_registered_top.sv Line: 11
    Info (15718): Pin "w00[1]" is virtual input pin File: /workspace/rtl-quartus-publication-20260917/experiments/quartus-int8-matvec/rtl/int8_matvec_registered_top.sv Line: 10
    Info (15718): Pin "w02[1]" is virtual input pin File: /workspace/rtl-quartus-publication-20260917/experiments/quartus-int8-matvec/rtl/int8_matvec_registered_top.sv Line: 12
    Info (15718): Pin "w03[1]" is virtual input pin File: /workspace/rtl-quartus-publication-20260917/experiments/quartus-int8-matvec/rtl/int8_matvec_registered_top.sv Line: 13
    Info (15718): Pin "w01[2]" is virtual input pin File: /workspace/rtl-quartus-publication-20260917/experiments/quartus-int8-matvec/rtl/int8_matvec_registered_top.sv Line: 11
    Info (15718): Pin "w00[2]" is virtual input pin File: /workspace/rtl-quartus-publication-20260917/experiments/quartus-int8-matvec/rtl/int8_matvec_registered_top.sv Line: 10
    Info (15718): Pin "w02[2]" is virtual input pin File: /workspace/rtl-quartus-publication-20260917/experiments/quartus-int8-matvec/rtl/int8_matvec_registered_top.sv Line: 12
    Info (15718): Pin "w03[2]" is virtual input pin File: /workspace/rtl-quartus-publication-20260917/experiments/quartus-int8-matvec/rtl/int8_matvec_registered_top.sv Line: 13
    Info (15718): Pin "w01[3]" is virtual input pin File: /workspace/rtl-quartus-publication-20260917/experiments/quartus-int8-matvec/rtl/int8_matvec_registered_top.sv Line: 11
    Info (15718): Pin "w00[3]" is virtual input pin File: /workspace/rtl-quartus-publication-20260917/experiments/quartus-int8-matvec/rtl/int8_matvec_registered_top.sv Line: 10
    Info (15718): Pin "w02[3]" is virtual input pin File: /workspace/rtl-quartus-publication-20260917/experiments/quartus-int8-matvec/rtl/int8_matvec_registered_top.sv Line: 12
    Info (15718): Pin "w03[3]" is virtual input pin File: /workspace/rtl-quartus-publication-20260917/experiments/quartus-int8-matvec/rtl/int8_matvec_registered_top.sv Line: 13
    Info (15718): Pin "w01[4]" is virtual input pin File: /workspace/rtl-quartus-publication-20260917/experiments/quartus-int8-matvec/rtl/int8_matvec_registered_top.sv Line: 11
    Info (15718): Pin "w00[4]" is virtual input pin File: /workspace/rtl-quartus-publication-20260917/experiments/quartus-int8-matvec/rtl/int8_matvec_registered_top.sv Line: 10
    Info (15718): Pin "w02[4]" is virtual input pin File: /workspace/rtl-quartus-publication-20260917/experiments/quartus-int8-matvec/rtl/int8_matvec_registered_top.sv Line: 12
    Info (15718): Pin "w03[4]" is virtual input pin File: /workspace/rtl-quartus-publication-20260917/experiments/quartus-int8-matvec/rtl/int8_matvec_registered_top.sv Line: 13
    Info (15718): Pin "w01[5]" is virtual input pin File: /workspace/rtl-quartus-publication-20260917/experiments/quartus-int8-matvec/rtl/int8_matvec_registered_top.sv Line: 11
    Info (15718): Pin "w00[5]" is virtual input pin File: /workspace/rtl-quartus-publication-20260917/experiments/quartus-int8-matvec/rtl/int8_matvec_registered_top.sv Line: 10
    Info (15718): Pin "w02[5]" is virtual input pin File: /workspace/rtl-quartus-publication-20260917/experiments/quartus-int8-matvec/rtl/int8_matvec_registered_top.sv Line: 12
    Info (15718): Pin "w03[5]" is virtual input pin File: /workspace/rtl-quartus-publication-20260917/experiments/quartus-int8-matvec/rtl/int8_matvec_registered_top.sv Line: 13
    Info (15718): Pin "w01[6]" is virtual input pin File: /workspace/rtl-quartus-publication-20260917/experiments/quartus-int8-matvec/rtl/int8_matvec_registered_top.sv Line: 11
    Info (15718): Pin "x1[6]" is virtual input pin File: /workspace/rtl-quartus-publication-20260917/experiments/quartus-int8-matvec/rtl/int8_matvec_registered_top.sv Line: 7
    Info (15718): Pin "w00[6]" is virtual input pin File: /workspace/rtl-quartus-publication-20260917/experiments/quartus-int8-matvec/rtl/int8_matvec_registered_top.sv Line: 10
    Info (15718): Pin "x0[6]" is virtual input pin File: /workspace/rtl-quartus-publication-20260917/experiments/quartus-int8-matvec/rtl/int8_matvec_registered_top.sv Line: 6
    Info (15718): Pin "w02[6]" is virtual input pin File: /workspace/rtl-quartus-publication-20260917/experiments/quartus-int8-matvec/rtl/int8_matvec_registered_top.sv Line: 12
    Info (15718): Pin "x2[6]" is virtual input pin File: /workspace/rtl-quartus-publication-20260917/experiments/quartus-int8-matvec/rtl/int8_matvec_registered_top.sv Line: 8
    Info (15718): Pin "w03[6]" is virtual input pin File: /workspace/rtl-quartus-publication-20260917/experiments/quartus-int8-matvec/rtl/int8_matvec_registered_top.sv Line: 13
    Info (15718): Pin "x3[6]" is virtual input pin File: /workspace/rtl-quartus-publication-20260917/experiments/quartus-int8-matvec/rtl/int8_matvec_registered_top.sv Line: 9
    Info (15718): Pin "w01[7]" is virtual input pin File: /workspace/rtl-quartus-publication-20260917/experiments/quartus-int8-matvec/rtl/int8_matvec_registered_top.sv Line: 11
    Info (15718): Pin "w00[7]" is virtual input pin File: /workspace/rtl-quartus-publication-20260917/experiments/quartus-int8-matvec/rtl/int8_matvec_registered_top.sv Line: 10
    Info (15718): Pin "w02[7]" is virtual input pin File: /workspace/rtl-quartus-publication-20260917/experiments/quartus-int8-matvec/rtl/int8_matvec_registered_top.sv Line: 12
    Info (15718): Pin "w03[7]" is virtual input pin File: /workspace/rtl-quartus-publication-20260917/experiments/quartus-int8-matvec/rtl/int8_matvec_registered_top.sv Line: 13
    Info (15718): Pin "w11[0]" is virtual input pin File: /workspace/rtl-quartus-publication-20260917/experiments/quartus-int8-matvec/rtl/int8_matvec_registered_top.sv Line: 15
    Info (15718): Pin "w10[0]" is virtual input pin File: /workspace/rtl-quartus-publication-20260917/experiments/quartus-int8-matvec/rtl/int8_matvec_registered_top.sv Line: 14
    Info (15718): Pin "w12[0]" is virtual input pin File: /workspace/rtl-quartus-publication-20260917/experiments/quartus-int8-matvec/rtl/int8_matvec_registered_top.sv Line: 16
    Info (15718): Pin "w13[0]" is virtual input pin File: /workspace/rtl-quartus-publication-20260917/experiments/quartus-int8-matvec/rtl/int8_matvec_registered_top.sv Line: 17
    Info (15718): Pin "w11[1]" is virtual input pin File: /workspace/rtl-quartus-publication-20260917/experiments/quartus-int8-matvec/rtl/int8_matvec_registered_top.sv Line: 15
    Info (15718): Pin "w10[1]" is virtual input pin File: /workspace/rtl-quartus-publication-20260917/experiments/quartus-int8-matvec/rtl/int8_matvec_registered_top.sv Line: 14
    Info (15718): Pin "w12[1]" is virtual input pin File: /workspace/rtl-quartus-publication-20260917/experiments/quartus-int8-matvec/rtl/int8_matvec_registered_top.sv Line: 16
    Info (15718): Pin "w13[1]" is virtual input pin File: /workspace/rtl-quartus-publication-20260917/experiments/quartus-int8-matvec/rtl/int8_matvec_registered_top.sv Line: 17
    Info (15718): Pin "w11[2]" is virtual input pin File: /workspace/rtl-quartus-publication-20260917/experiments/quartus-int8-matvec/rtl/int8_matvec_registered_top.sv Line: 15
    Info (15718): Pin "w10[2]" is virtual input pin File: /workspace/rtl-quartus-publication-20260917/experiments/quartus-int8-matvec/rtl/int8_matvec_registered_top.sv Line: 14
    Info (15718): Pin "w12[2]" is virtual input pin File: /workspace/rtl-quartus-publication-20260917/experiments/quartus-int8-matvec/rtl/int8_matvec_registered_top.sv Line: 16
    Info (15718): Pin "w13[2]" is virtual input pin File: /workspace/rtl-quartus-publication-20260917/experiments/quartus-int8-matvec/rtl/int8_matvec_registered_top.sv Line: 17
    Info (15718): Pin "w11[3]" is virtual input pin File: /workspace/rtl-quartus-publication-20260917/experiments/quartus-int8-matvec/rtl/int8_matvec_registered_top.sv Line: 15
    Info (15718): Pin "w10[3]" is virtual input pin File: /workspace/rtl-quartus-publication-20260917/experiments/quartus-int8-matvec/rtl/int8_matvec_registered_top.sv Line: 14
    Info (15718): Pin "w12[3]" is virtual input pin File: /workspace/rtl-quartus-publication-20260917/experiments/quartus-int8-matvec/rtl/int8_matvec_registered_top.sv Line: 16
    Info (15718): Pin "w13[3]" is virtual input pin File: /workspace/rtl-quartus-publication-20260917/experiments/quartus-int8-matvec/rtl/int8_matvec_registered_top.sv Line: 17
    Info (15718): Pin "w11[4]" is virtual input pin File: /workspace/rtl-quartus-publication-20260917/experiments/quartus-int8-matvec/rtl/int8_matvec_registered_top.sv Line: 15
    Info (15718): Pin "w10[4]" is virtual input pin File: /workspace/rtl-quartus-publication-20260917/experiments/quartus-int8-matvec/rtl/int8_matvec_registered_top.sv Line: 14
    Info (15718): Pin "w12[4]" is virtual input pin File: /workspace/rtl-quartus-publication-20260917/experiments/quartus-int8-matvec/rtl/int8_matvec_registered_top.sv Line: 16
    Info (15718): Pin "w13[4]" is virtual input pin File: /workspace/rtl-quartus-publication-20260917/experiments/quartus-int8-matvec/rtl/int8_matvec_registered_top.sv Line: 17
    Info (15718): Pin "w11[5]" is virtual input pin File: /workspace/rtl-quartus-publication-20260917/experiments/quartus-int8-matvec/rtl/int8_matvec_registered_top.sv Line: 15
    Info (15718): Pin "w10[5]" is virtual input pin File: /workspace/rtl-quartus-publication-20260917/experiments/quartus-int8-matvec/rtl/int8_matvec_registered_top.sv Line: 14
    Info (15718): Pin "w12[5]" is virtual input pin File: /workspace/rtl-quartus-publication-20260917/experiments/quartus-int8-matvec/rtl/int8_matvec_registered_top.sv Line: 16
    Info (15718): Pin "w13[5]" is virtual input pin File: /workspace/rtl-quartus-publication-20260917/experiments/quartus-int8-matvec/rtl/int8_matvec_registered_top.sv Line: 17
    Info (15718): Pin "w11[6]" is virtual input pin File: /workspace/rtl-quartus-publication-20260917/experiments/quartus-int8-matvec/rtl/int8_matvec_registered_top.sv Line: 15
    Info (15718): Pin "w10[6]" is virtual input pin File: /workspace/rtl-quartus-publication-20260917/experiments/quartus-int8-matvec/rtl/int8_matvec_registered_top.sv Line: 14
    Info (15718): Pin "w12[6]" is virtual input pin File: /workspace/rtl-quartus-publication-20260917/experiments/quartus-int8-matvec/rtl/int8_matvec_registered_top.sv Line: 16
    Info (15718): Pin "w13[6]" is virtual input pin File: /workspace/rtl-quartus-publication-20260917/experiments/quartus-int8-matvec/rtl/int8_matvec_registered_top.sv Line: 17
    Info (15718): Pin "w11[7]" is virtual input pin File: /workspace/rtl-quartus-publication-20260917/experiments/quartus-int8-matvec/rtl/int8_matvec_registered_top.sv Line: 15
    Info (15718): Pin "w10[7]" is virtual input pin File: /workspace/rtl-quartus-publication-20260917/experiments/quartus-int8-matvec/rtl/int8_matvec_registered_top.sv Line: 14
    Info (15718): Pin "w12[7]" is virtual input pin File: /workspace/rtl-quartus-publication-20260917/experiments/quartus-int8-matvec/rtl/int8_matvec_registered_top.sv Line: 16
    Info (15718): Pin "w13[7]" is virtual input pin File: /workspace/rtl-quartus-publication-20260917/experiments/quartus-int8-matvec/rtl/int8_matvec_registered_top.sv Line: 17
    Info (15718): Pin "w21[0]" is virtual input pin File: /workspace/rtl-quartus-publication-20260917/experiments/quartus-int8-matvec/rtl/int8_matvec_registered_top.sv Line: 19
    Info (15718): Pin "w20[0]" is virtual input pin File: /workspace/rtl-quartus-publication-20260917/experiments/quartus-int8-matvec/rtl/int8_matvec_registered_top.sv Line: 18
    Info (15718): Pin "w22[0]" is virtual input pin File: /workspace/rtl-quartus-publication-20260917/experiments/quartus-int8-matvec/rtl/int8_matvec_registered_top.sv Line: 20
    Info (15718): Pin "w23[0]" is virtual input pin File: /workspace/rtl-quartus-publication-20260917/experiments/quartus-int8-matvec/rtl/int8_matvec_registered_top.sv Line: 21
    Info (15718): Pin "w21[1]" is virtual input pin File: /workspace/rtl-quartus-publication-20260917/experiments/quartus-int8-matvec/rtl/int8_matvec_registered_top.sv Line: 19
    Info (15718): Pin "w20[1]" is virtual input pin File: /workspace/rtl-quartus-publication-20260917/experiments/quartus-int8-matvec/rtl/int8_matvec_registered_top.sv Line: 18
    Info (15718): Pin "w22[1]" is virtual input pin File: /workspace/rtl-quartus-publication-20260917/experiments/quartus-int8-matvec/rtl/int8_matvec_registered_top.sv Line: 20
    Info (15718): Pin "w23[1]" is virtual input pin File: /workspace/rtl-quartus-publication-20260917/experiments/quartus-int8-matvec/rtl/int8_matvec_registered_top.sv Line: 21
    Info (15718): Pin "w21[2]" is virtual input pin File: /workspace/rtl-quartus-publication-20260917/experiments/quartus-int8-matvec/rtl/int8_matvec_registered_top.sv Line: 19
    Info (15718): Pin "w20[2]" is virtual input pin File: /workspace/rtl-quartus-publication-20260917/experiments/quartus-int8-matvec/rtl/int8_matvec_registered_top.sv Line: 18
    Info (15718): Pin "w22[2]" is virtual input pin File: /workspace/rtl-quartus-publication-20260917/experiments/quartus-int8-matvec/rtl/int8_matvec_registered_top.sv Line: 20
    Info (15718): Pin "w23[2]" is virtual input pin File: /workspace/rtl-quartus-publication-20260917/experiments/quartus-int8-matvec/rtl/int8_matvec_registered_top.sv Line: 21
    Info (15718): Pin "w21[3]" is virtual input pin File: /workspace/rtl-quartus-publication-20260917/experiments/quartus-int8-matvec/rtl/int8_matvec_registered_top.sv Line: 19
    Info (15718): Pin "w20[3]" is virtual input pin File: /workspace/rtl-quartus-publication-20260917/experiments/quartus-int8-matvec/rtl/int8_matvec_registered_top.sv Line: 18
    Info (15718): Pin "w22[3]" is virtual input pin File: /workspace/rtl-quartus-publication-20260917/experiments/quartus-int8-matvec/rtl/int8_matvec_registered_top.sv Line: 20
    Info (15718): Pin "w23[3]" is virtual input pin File: /workspace/rtl-quartus-publication-20260917/experiments/quartus-int8-matvec/rtl/int8_matvec_registered_top.sv Line: 21
    Info (15718): Pin "w21[4]" is virtual input pin File: /workspace/rtl-quartus-publication-20260917/experiments/quartus-int8-matvec/rtl/int8_matvec_registered_top.sv Line: 19
    Info (15718): Pin "w20[4]" is virtual input pin File: /workspace/rtl-quartus-publication-20260917/experiments/quartus-int8-matvec/rtl/int8_matvec_registered_top.sv Line: 18
    Info (15718): Pin "w22[4]" is virtual input pin File: /workspace/rtl-quartus-publication-20260917/experiments/quartus-int8-matvec/rtl/int8_matvec_registered_top.sv Line: 20
    Info (15718): Pin "w23[4]" is virtual input pin File: /workspace/rtl-quartus-publication-20260917/experiments/quartus-int8-matvec/rtl/int8_matvec_registered_top.sv Line: 21
    Info (15718): Pin "w21[5]" is virtual input pin File: /workspace/rtl-quartus-publication-20260917/experiments/quartus-int8-matvec/rtl/int8_matvec_registered_top.sv Line: 19
    Info (15718): Pin "w20[5]" is virtual input pin File: /workspace/rtl-quartus-publication-20260917/experiments/quartus-int8-matvec/rtl/int8_matvec_registered_top.sv Line: 18
    Info (15718): Pin "w22[5]" is virtual input pin File: /workspace/rtl-quartus-publication-20260917/experiments/quartus-int8-matvec/rtl/int8_matvec_registered_top.sv Line: 20
    Info (15718): Pin "w23[5]" is virtual input pin File: /workspace/rtl-quartus-publication-20260917/experiments/quartus-int8-matvec/rtl/int8_matvec_registered_top.sv Line: 21
    Info (15718): Pin "w21[6]" is virtual input pin File: /workspace/rtl-quartus-publication-20260917/experiments/quartus-int8-matvec/rtl/int8_matvec_registered_top.sv Line: 19
    Info (15718): Pin "w20[6]" is virtual input pin File: /workspace/rtl-quartus-publication-20260917/experiments/quartus-int8-matvec/rtl/int8_matvec_registered_top.sv Line: 18
    Info (15718): Pin "w22[6]" is virtual input pin File: /workspace/rtl-quartus-publication-20260917/experiments/quartus-int8-matvec/rtl/int8_matvec_registered_top.sv Line: 20
    Info (15718): Pin "w23[6]" is virtual input pin File: /workspace/rtl-quartus-publication-20260917/experiments/quartus-int8-matvec/rtl/int8_matvec_registered_top.sv Line: 21
    Info (15718): Pin "w21[7]" is virtual input pin File: /workspace/rtl-quartus-publication-20260917/experiments/quartus-int8-matvec/rtl/int8_matvec_registered_top.sv Line: 19
    Info (15718): Pin "w20[7]" is virtual input pin File: /workspace/rtl-quartus-publication-20260917/experiments/quartus-int8-matvec/rtl/int8_matvec_registered_top.sv Line: 18
    Info (15718): Pin "w22[7]" is virtual input pin File: /workspace/rtl-quartus-publication-20260917/experiments/quartus-int8-matvec/rtl/int8_matvec_registered_top.sv Line: 20
    Info (15718): Pin "w23[7]" is virtual input pin File: /workspace/rtl-quartus-publication-20260917/experiments/quartus-int8-matvec/rtl/int8_matvec_registered_top.sv Line: 21
    Info (15718): Pin "w31[0]" is virtual input pin File: /workspace/rtl-quartus-publication-20260917/experiments/quartus-int8-matvec/rtl/int8_matvec_registered_top.sv Line: 23
    Info (15718): Pin "w30[0]" is virtual input pin File: /workspace/rtl-quartus-publication-20260917/experiments/quartus-int8-matvec/rtl/int8_matvec_registered_top.sv Line: 22
    Info (15718): Pin "w32[0]" is virtual input pin File: /workspace/rtl-quartus-publication-20260917/experiments/quartus-int8-matvec/rtl/int8_matvec_registered_top.sv Line: 24
    Info (15718): Pin "w33[0]" is virtual input pin File: /workspace/rtl-quartus-publication-20260917/experiments/quartus-int8-matvec/rtl/int8_matvec_registered_top.sv Line: 25
    Info (15718): Pin "w31[1]" is virtual input pin File: /workspace/rtl-quartus-publication-20260917/experiments/quartus-int8-matvec/rtl/int8_matvec_registered_top.sv Line: 23
    Info (15718): Pin "w30[1]" is virtual input pin File: /workspace/rtl-quartus-publication-20260917/experiments/quartus-int8-matvec/rtl/int8_matvec_registered_top.sv Line: 22
    Info (15718): Pin "w32[1]" is virtual input pin File: /workspace/rtl-quartus-publication-20260917/experiments/quartus-int8-matvec/rtl/int8_matvec_registered_top.sv Line: 24
    Info (15718): Pin "w33[1]" is virtual input pin File: /workspace/rtl-quartus-publication-20260917/experiments/quartus-int8-matvec/rtl/int8_matvec_registered_top.sv Line: 25
    Info (15718): Pin "w31[2]" is virtual input pin File: /workspace/rtl-quartus-publication-20260917/experiments/quartus-int8-matvec/rtl/int8_matvec_registered_top.sv Line: 23
    Info (15718): Pin "w30[2]" is virtual input pin File: /workspace/rtl-quartus-publication-20260917/experiments/quartus-int8-matvec/rtl/int8_matvec_registered_top.sv Line: 22
    Info (15718): Pin "w32[2]" is virtual input pin File: /workspace/rtl-quartus-publication-20260917/experiments/quartus-int8-matvec/rtl/int8_matvec_registered_top.sv Line: 24
    Info (15718): Pin "w33[2]" is virtual input pin File: /workspace/rtl-quartus-publication-20260917/experiments/quartus-int8-matvec/rtl/int8_matvec_registered_top.sv Line: 25
    Info (15718): Pin "w31[3]" is virtual input pin File: /workspace/rtl-quartus-publication-20260917/experiments/quartus-int8-matvec/rtl/int8_matvec_registered_top.sv Line: 23
    Info (15718): Pin "w30[3]" is virtual input pin File: /workspace/rtl-quartus-publication-20260917/experiments/quartus-int8-matvec/rtl/int8_matvec_registered_top.sv Line: 22
    Info (15718): Pin "w32[3]" is virtual input pin File: /workspace/rtl-quartus-publication-20260917/experiments/quartus-int8-matvec/rtl/int8_matvec_registered_top.sv Line: 24
    Info (15718): Pin "w33[3]" is virtual input pin File: /workspace/rtl-quartus-publication-20260917/experiments/quartus-int8-matvec/rtl/int8_matvec_registered_top.sv Line: 25
    Info (15718): Pin "w31[4]" is virtual input pin File: /workspace/rtl-quartus-publication-20260917/experiments/quartus-int8-matvec/rtl/int8_matvec_registered_top.sv Line: 23
    Info (15718): Pin "w30[4]" is virtual input pin File: /workspace/rtl-quartus-publication-20260917/experiments/quartus-int8-matvec/rtl/int8_matvec_registered_top.sv Line: 22
    Info (15718): Pin "w32[4]" is virtual input pin File: /workspace/rtl-quartus-publication-20260917/experiments/quartus-int8-matvec/rtl/int8_matvec_registered_top.sv Line: 24
    Info (15718): Pin "w33[4]" is virtual input pin File: /workspace/rtl-quartus-publication-20260917/experiments/quartus-int8-matvec/rtl/int8_matvec_registered_top.sv Line: 25
    Info (15718): Pin "w31[5]" is virtual input pin File: /workspace/rtl-quartus-publication-20260917/experiments/quartus-int8-matvec/rtl/int8_matvec_registered_top.sv Line: 23
    Info (15718): Pin "w30[5]" is virtual input pin File: /workspace/rtl-quartus-publication-20260917/experiments/quartus-int8-matvec/rtl/int8_matvec_registered_top.sv Line: 22
    Info (15718): Pin "w32[5]" is virtual input pin File: /workspace/rtl-quartus-publication-20260917/experiments/quartus-int8-matvec/rtl/int8_matvec_registered_top.sv Line: 24
    Info (15718): Pin "w33[5]" is virtual input pin File: /workspace/rtl-quartus-publication-20260917/experiments/quartus-int8-matvec/rtl/int8_matvec_registered_top.sv Line: 25
    Info (15718): Pin "w31[6]" is virtual input pin File: /workspace/rtl-quartus-publication-20260917/experiments/quartus-int8-matvec/rtl/int8_matvec_registered_top.sv Line: 23
    Info (15718): Pin "w30[6]" is virtual input pin File: /workspace/rtl-quartus-publication-20260917/experiments/quartus-int8-matvec/rtl/int8_matvec_registered_top.sv Line: 22
    Info (15718): Pin "w32[6]" is virtual input pin File: /workspace/rtl-quartus-publication-20260917/experiments/quartus-int8-matvec/rtl/int8_matvec_registered_top.sv Line: 24
    Info (15718): Pin "w33[6]" is virtual input pin File: /workspace/rtl-quartus-publication-20260917/experiments/quartus-int8-matvec/rtl/int8_matvec_registered_top.sv Line: 25
    Info (15718): Pin "w31[7]" is virtual input pin File: /workspace/rtl-quartus-publication-20260917/experiments/quartus-int8-matvec/rtl/int8_matvec_registered_top.sv Line: 23
    Info (15718): Pin "w30[7]" is virtual input pin File: /workspace/rtl-quartus-publication-20260917/experiments/quartus-int8-matvec/rtl/int8_matvec_registered_top.sv Line: 22
    Info (15718): Pin "w32[7]" is virtual input pin File: /workspace/rtl-quartus-publication-20260917/experiments/quartus-int8-matvec/rtl/int8_matvec_registered_top.sv Line: 24
    Info (15718): Pin "w33[7]" is virtual input pin File: /workspace/rtl-quartus-publication-20260917/experiments/quartus-int8-matvec/rtl/int8_matvec_registered_top.sv Line: 25
Info (21057): Implemented 2007 device resources after synthesis - the final resource count might be different
    Info (21058): Implemented 1 input pins
    Info (21059): Implemented 0 output pins
    Info (21061): Implemented 2006 logic cells
Info: Quartus Prime Analysis & Synthesis was successful. 0 errors, 0 warnings
    Info: Peak virtual memory: 412 megabytes
    Info: Processing ended: Thu Sep 17 11:29:37 2026
    Info: Elapsed time: 00:03:04
    Info: Total CPU time (on all processors): 00:04:25
Info: *******************************************************************
Info: Running Quartus Prime Fitter
    Info: Version 25.1std.0 Build 1129 10/21/2025 SC Lite Edition
    Info: Processing started: Thu Sep 17 11:29:59 2026
Info: Command: quartus_fit --read_settings_files=off --write_settings_files=off int8_baseline_lut_only -c int8_baseline_lut_only
Info: qfit2_default_script.tcl version: #1
Info: Project  = int8_baseline_lut_only
Info: Revision = int8_baseline_lut_only
Info (20032): Parallel compilation is enabled and will use up to 4 processors
Info (119006): Selected device 10M50DAF484C7G for design "int8_baseline_lut_only"
Info (21076): High junction temperature operating condition is not set. Assuming a default value of '85'.
Info (21076): Low junction temperature operating condition is not set. Assuming a default value of '0'.
Info (171003): Fitter is performing an Auto Fit compilation, which may decrease Fitter effort to reduce compilation time
Warning (292013): Feature LogicLock is only available with a valid subscription license. You can purchase a software subscription to gain full access to this feature.
Info (176444): Device migration not selected. If you intend to use device migration later, you may need to change the pin assignments as they may be incompatible with other devices
    Info (176445): Device 10M08DAF484I7G is compatible
    Info (176445): Device 10M08DAF484I7P is compatible
    Info (176445): Device 10M16DAF484A7G is compatible
    Info (176445): Device 10M16DAF484C7G is compatible
    Info (176445): Device 10M16DAF484I7G is compatible
    Info (176445): Device 10M16DAF484I7P is compatible
    Info (176445): Device 10M25DAF484A7G is compatible
    Info (176445): Device 10M25DAF484C7G is compatible
    Info (176445): Device 10M25DAF484I7G is compatible
    Info (176445): Device 10M50DAF484I7G is compatible
    Info (176445): Device 10M50DAF484I7P is compatible
    Info (176445): Device 10M40DAF484C7G is compatible
    Info (176445): Device 10M40DAF484I7G is compatible
Info (169124): Fitter converted 8 user pins into dedicated programming pins
    Info (169125): Pin ~ALTERA_TMS~ is reserved at location H2
    Info (169125): Pin ~ALTERA_TCK~ is reserved at location G2
    Info (169125): Pin ~ALTERA_TDI~ is reserved at location L4
    Info (169125): Pin ~ALTERA_TDO~ is reserved at location M5
    Info (169125): Pin ~ALTERA_CONFIG_SEL~ is reserved at location H10
    Info (169125): Pin ~ALTERA_nCONFIG~ is reserved at location H9
    Info (169125): Pin ~ALTERA_nSTATUS~ is reserved at location G9
    Info (169125): Pin ~ALTERA_CONF_DONE~ is reserved at location F8
Info (169141): DATA[0] dual-purpose pin not reserved
Info (12825): Data[1]/ASDO dual-purpose pin not reserved
Info (12825): nCSO dual-purpose pin not reserved
Info (12825): DCLK dual-purpose pin not reserved
Info (332104): Reading SDC File: 'int8_baseline_lut_only.sdc'
Info (332129): Detected timing requirements -- optimizing circuit to achieve only the specified requirements
Info (332111): Found 1 clocks
    Info (332111):   Period   Clock Name
    Info (332111): ======== ============
    Info (332111):    5.000          clk
Info (176353): Automatically promoted node clk~input (placed in PIN M8 (CLK1n, DIFFIO_RX_L36n, DIFFOUT_L36n, High_Speed)) File: /workspace/rtl-quartus-publication-20260917/experiments/quartus-int8-matvec/rtl/int8_matvec_registered_top.sv Line: 5
    Info (176355): Automatically promoted destinations to use location or clock signal Global Clock CLKCTRL_G3
Info (176233): Starting register packing
Info (176235): Finished register packing
    Extra Info (176219): No registers were packed into other blocks
Info (171121): Fitter preparation operations ending: elapsed time is 00:00:23
Info (14896): Fitter has disabled Advanced Physical Optimization because it is not supported for the current family.
Info (170189): Fitter placement preparation operations beginning
Info (170190): Fitter placement preparation operations ending: elapsed time is 00:00:03
Info (170191): Fitter placement operations beginning
Info (170137): Fitter placement was successful
Info (170192): Fitter placement operations ending: elapsed time is 00:00:38
Info (170193): Fitter routing operations beginning
Info (170195): Router estimated average interconnect usage is 0% of the available device resources
    Info (170196): Router estimated peak interconnect usage is 14% of the available device resources in the region that extends from location X33_Y22 to location X44_Y32
Info (170199): The Fitter performed an Auto Fit compilation.  Optimizations were skipped to reduce compilation time.
    Info (170201): Optimizations that may affect the design's routability were skipped
Info (170194): Fitter routing operations ending: elapsed time is 00:01:13
Info (11888): Total time spent on timing analysis during the Fitter is 5.93 seconds.
Info (334003): Started post-fitting delay annotation
Info (334004): Delay annotation completed successfully
Info (334003): Started post-fitting delay annotation
Info (334004): Delay annotation completed successfully
Info (11218): Fitter post-fit operations ending: elapsed time is 00:00:33
Warning (169177): 1 pins must meet Intel FPGA requirements for 3.3-, 3.0-, and 2.5-V interfaces. For more information, refer to AN 447: Interfacing MAX 10 Devices with 3.3/3.0/2.5-V LVTTL/LVCMOS I/O Systems.
    Info (169178): Pin clk uses I/O standard 3.3-V LVTTL at M8 File: /workspace/rtl-quartus-publication-20260917/experiments/quartus-int8-matvec/rtl/int8_matvec_registered_top.sv Line: 5
Info (144001): Generated suppressed messages file /workspace/rtl-quartus-publication-20260917/experiments/quartus-int8-matvec/output-public/baseline/lut_only/output_files/int8_baseline_lut_only.fit.smsg
Info: Quartus Prime Fitter was successful. 0 errors, 2 warnings
    Info: Peak virtual memory: 1086 megabytes
    Info: Processing ended: Thu Sep 17 11:34:34 2026
    Info: Elapsed time: 00:04:35
    Info: Total CPU time (on all processors): 00:06:58
Info: *******************************************************************
Info: Running Quartus Prime Assembler
    Info: Version 25.1std.0 Build 1129 10/21/2025 SC Lite Edition
    Info: Processing started: Thu Sep 17 11:35:09 2026
Info: Command: quartus_asm --read_settings_files=off --write_settings_files=off int8_baseline_lut_only -c int8_baseline_lut_only
Info (115031): Writing out detailed assembly data for power analysis
Info (115030): Assembler is generating device programming files
Info: Quartus Prime Assembler was successful. 0 errors, 0 warnings
    Info: Peak virtual memory: 365 megabytes
    Info: Processing ended: Thu Sep 17 11:35:37 2026
    Info: Elapsed time: 00:00:28
    Info: Total CPU time (on all processors): 00:00:26
Info (293026): Skipped module Power Analyzer due to the assignment FLOW_ENABLE_POWER_ANALYZER
Info: *******************************************************************
Info: Running Quartus Prime Timing Analyzer
    Info: Version 25.1std.0 Build 1129 10/21/2025 SC Lite Edition
    Info: Processing started: Thu Sep 17 11:36:08 2026
Info: Command: quartus_sta int8_baseline_lut_only -c int8_baseline_lut_only
Info: qsta_default_script.tcl version: #1
Info (20032): Parallel compilation is enabled and will use up to 4 processors
Info (21076): High junction temperature operating condition is not set. Assuming a default value of '85'.
Info (21076): Low junction temperature operating condition is not set. Assuming a default value of '0'.
Info (332104): Reading SDC File: 'int8_baseline_lut_only.sdc'
Info: Found TIMING_ANALYZER_REPORT_SCRIPT_INCLUDE_DEFAULT_ANALYSIS = ON
Info: Analyzing Slow 1200mV 85C Model
Info: Can't run Report Timing Closure Recommendations. The current device family is not supported.
Critical Warning (332148): Timing requirements not met
Info (332146): Worst-case setup slack is -8.063
    Info (332119):     Slack       End Point TNS Clock 
    Info (332119): ========= =================== =====================
    Info (332119):    -8.063            -818.783 clk 
Info (332146): Worst-case hold slack is 2.417
    Info (332119):     Slack       End Point TNS Clock 
    Info (332119): ========= =================== =====================
    Info (332119):     2.417               0.000 clk 
Info (332140): No Recovery paths to report
Info (332140): No Removal paths to report
Info (332146): Worst-case minimum pulse width slack is 1.000
    Info (332119):     Slack       End Point TNS Clock 
    Info (332119): ========= =================== =====================
    Info (332119):     1.000               0.000 clk 
Info: Analyzing Slow 1200mV 0C Model
Info (334003): Started post-fitting delay annotation
Info (334004): Delay annotation completed successfully
Critical Warning (332148): Timing requirements not met
Info (332146): Worst-case setup slack is -6.915
    Info (332119):     Slack       End Point TNS Clock 
    Info (332119): ========= =================== =====================
    Info (332119):    -6.915            -696.645 clk 
Info (332146): Worst-case hold slack is 2.162
    Info (332119):     Slack       End Point TNS Clock 
    Info (332119): ========= =================== =====================
    Info (332119):     2.162               0.000 clk 
Info (332140): No Recovery paths to report
Info (332140): No Removal paths to report
Info (332146): Worst-case minimum pulse width slack is 1.000
    Info (332119):     Slack       End Point TNS Clock 
    Info (332119): ========= =================== =====================
    Info (332119):     1.000               0.000 clk 
Info: Analyzing Fast 1200mV 0C Model
Critical Warning (332148): Timing requirements not met
Info (332146): Worst-case setup slack is -0.432
    Info (332119):     Slack       End Point TNS Clock 
    Info (332119): ========= =================== =====================
    Info (332119):    -0.432             -16.786 clk 
Info (332146): Worst-case hold slack is 0.976
    Info (332119):     Slack       End Point TNS Clock 
    Info (332119): ========= =================== =====================
    Info (332119):     0.976               0.000 clk 
Info (332140): No Recovery paths to report
Info (332140): No Removal paths to report
Info (332146): Worst-case minimum pulse width slack is 1.000
    Info (332119):     Slack       End Point TNS Clock 
    Info (332119): ========= =================== =====================
    Info (332119):     1.000               0.000 clk 
Info (332102): Design is not fully constrained for setup requirements
Info (332102): Design is not fully constrained for hold requirements
Info: Quartus Prime Timing Analyzer was successful. 0 errors, 3 warnings
    Info: Peak virtual memory: 552 megabytes
    Info: Processing ended: Thu Sep 17 11:37:08 2026
    Info: Elapsed time: 00:01:00
    Info: Total CPU time (on all processors): 00:01:13
Info (293000): Quartus Prime Full Compilation was successful. 0 errors, 5 warnings
Info (23030): Evaluation of Tcl script /opt/altera/quartus/common/tcl/internal/qsh_flow.tcl was successful
Info: Quartus Prime Shell was successful. 0 errors, 5 warnings
    Info: Peak virtual memory: 462 megabytes
    Info: Processing ended: Thu Sep 17 11:37:10 2026
    Info: Elapsed time: 00:11:23
    Info: Total CPU time (on all processors): 00:14:20
