Info: *******************************************************************
Info: Running Quartus Prime Power Analyzer
    Info: Version 25.1std.0 Build 1129 10/21/2025 SC Lite Edition
    Info: Copyright (C) 2025  Altera Corporation. All rights reserved.
    Info: Your use of Altera Corporation's design tools, logic functions 
    Info: and other software and tools, and any partner logic 
    Info: functions, and any output files from any of the foregoing 
    Info: (including device programming or simulation files), and any 
    Info: associated documentation or information are expressly subject 
    Info: to the terms and conditions of the Altera Program License 
    Info: Subscription Agreement, the Altera Quartus Prime License Agreement,
    Info: the Altera IP License Agreement, or other applicable license
    Info: agreement, including, without limitation, that your use is for
    Info: the sole purpose of programming logic devices manufactured by
    Info: Altera and sold by Altera or its authorized distributors.  Please
    Info: refer to the Altera Software License Subscription Agreements 
    Info: on the Quartus Prime software download page.
    Info: Processing started: Thu Sep 17 11:13:43 2026
Info: Command: quartus_pow int8_baseline_dsp_auto --read_settings_files=on --write_settings_files=off
Info (21076): High junction temperature operating condition is not set. Assuming a default value of '85'.
Info (21076): Low junction temperature operating condition is not set. Assuming a default value of '0'.
Info (332104): Reading SDC File: 'int8_baseline_dsp_auto.sdc'
Info (223000): Starting Vectorless Power Activity Estimation
Info (223001): Completed Vectorless Power Activity Estimation
Info (218000): Using Advanced I/O Power to simulate I/O buffers with the specified board trace model
Warning (215044): No board thermal model was selected.  Analyzing without board thermal modeling.
Info (334003): Started post-fitting delay annotation
Info (334004): Delay annotation completed successfully
Info (215049): Average toggle rate for this design is 69.958 millions of transitions / sec
Info (215031): Total thermal power estimate for the design is 138.22 mW
Info: Quartus Prime Power Analyzer was successful. 0 errors, 1 warning
    Info: Peak virtual memory: 826 megabytes
    Info: Processing ended: Thu Sep 17 11:14:39 2026
    Info: Elapsed time: 00:00:56
    Info: Total CPU time (on all processors): 00:00:56
