Timing Analyzer report for int8_baseline_lut_only
Thu Sep 17 11:37:08 2026
Quartus Prime Version 25.1std.0 Build 1129 10/21/2025 SC Lite Edition


---------------------
; Table of Contents ;
---------------------
  1. Legal Notice
  2. Timing Analyzer Summary
  3. Parallel Compilation
  4. SDC File List
  5. Clocks
  6. Slow 1200mV 85C Model Fmax Summary
  7. Slow 1200mV 85C Model Setup Summary
  8. Slow 1200mV 85C Model Hold Summary
  9. Slow 1200mV 85C Model Recovery Summary
 10. Slow 1200mV 85C Model Removal Summary
 11. Slow 1200mV 85C Model Minimum Pulse Width Summary
 12. Slow 1200mV 85C Model Metastability Summary
 13. Slow 1200mV 0C Model Fmax Summary
 14. Slow 1200mV 0C Model Setup Summary
 15. Slow 1200mV 0C Model Hold Summary
 16. Slow 1200mV 0C Model Recovery Summary
 17. Slow 1200mV 0C Model Removal Summary
 18. Slow 1200mV 0C Model Minimum Pulse Width Summary
 19. Slow 1200mV 0C Model Metastability Summary
 20. Fast 1200mV 0C Model Setup Summary
 21. Fast 1200mV 0C Model Hold Summary
 22. Fast 1200mV 0C Model Recovery Summary
 23. Fast 1200mV 0C Model Removal Summary
 24. Fast 1200mV 0C Model Minimum Pulse Width Summary
 25. Fast 1200mV 0C Model Metastability Summary
 26. Multicorner Timing Analysis Summary
 27. Board Trace Model Assignments
 28. Input Transition Times
 29. Signal Integrity Metrics (Slow 1200mv 0c Model)
 30. Signal Integrity Metrics (Slow 1200mv 85c Model)
 31. Signal Integrity Metrics (Fast 1200mv 0c Model)
 32. Setup Transfers
 33. Hold Transfers
 34. Report TCCS
 35. Report RSKM
 36. Unconstrained Paths Summary
 37. Clock Status Summary
 38. Unconstrained Input Ports
 39. Unconstrained Output Ports
 40. Unconstrained Input Ports
 41. Unconstrained Output Ports
 42. Timing Analyzer Messages



----------------
; Legal Notice ;
----------------
Copyright (C) 2025  Altera Corporation. All rights reserved.
Your use of Altera Corporation's design tools, logic functions 
and other software and tools, and any partner logic 
functions, and any output files from any of the foregoing 
(including device programming or simulation files), and any 
associated documentation or information are expressly subject 
to the terms and conditions of the Altera Program License 
Subscription Agreement, the Altera Quartus Prime License Agreement,
the Altera IP License Agreement, or other applicable license
agreement, including, without limitation, that your use is for
the sole purpose of programming logic devices manufactured by
Altera and sold by Altera or its authorized distributors.  Please
refer to the Altera Software License Subscription Agreements 
on the Quartus Prime software download page.



+---------------------------------------------------------------------------------+
; Timing Analyzer Summary                                                         ;
+-----------------------+---------------------------------------------------------+
; Quartus Prime Version ; Version 25.1std.0 Build 1129 10/21/2025 SC Lite Edition ;
; Timing Analyzer       ; Legacy Timing Analyzer                                  ;
; Revision Name         ; int8_baseline_lut_only                                  ;
; Device Family         ; MAX 10                                                  ;
; Device Name           ; 10M50DAF484C7G                                          ;
; Timing Models         ; Final                                                   ;
; Delay Model           ; Combined                                                ;
; Rise/Fall Delays      ; Enabled                                                 ;
+-----------------------+---------------------------------------------------------+


+------------------------------------------+
; Parallel Compilation                     ;
+----------------------------+-------------+
; Processors                 ; Number      ;
+----------------------------+-------------+
; Number detected on machine ; 6           ;
; Maximum allowed            ; 4           ;
;                            ;             ;
; Average used               ; 1.59        ;
; Maximum used               ; 4           ;
;                            ;             ;
; Usage by Processor         ; % Time Used ;
;     Processor 1            ; 100.0%      ;
;     Processor 2            ;  19.7%      ;
;     Processors 3-4         ;  19.5%      ;
+----------------------------+-------------+


+----------------------------------------------------------------+
; SDC File List                                                  ;
+----------------------------+--------+--------------------------+
; SDC File Path              ; Status ; Read at                  ;
+----------------------------+--------+--------------------------+
; int8_baseline_lut_only.sdc ; OK     ; Thu Sep 17 11:36:30 2026 ;
+----------------------------+--------+--------------------------+


+--------------------------------------------------------------------------------------------------------------------------------------------------------------------------------+
; Clocks                                                                                                                                                                         ;
+------------+------+--------+-----------+-------+-------+------------+-----------+-------------+-------+--------+-----------+------------+----------+--------+--------+---------+
; Clock Name ; Type ; Period ; Frequency ; Rise  ; Fall  ; Duty Cycle ; Divide by ; Multiply by ; Phase ; Offset ; Edge List ; Edge Shift ; Inverted ; Master ; Source ; Targets ;
+------------+------+--------+-----------+-------+-------+------------+-----------+-------------+-------+--------+-----------+------------+----------+--------+--------+---------+
; clk        ; Base ; 5.000  ; 200.0 MHz ; 0.000 ; 2.500 ;            ;           ;             ;       ;        ;           ;            ;          ;        ;        ; { clk } ;
+------------+------+--------+-----------+-------+-------+------------+-----------+-------------+-------+--------+-----------+------------+----------+--------+--------+---------+


+-------------------------------------------------+
; Slow 1200mV 85C Model Fmax Summary              ;
+-----------+-----------------+------------+------+
; Fmax      ; Restricted Fmax ; Clock Name ; Note ;
+-----------+-----------------+------------+------+
; 76.55 MHz ; 76.55 MHz       ; clk        ;      ;
+-----------+-----------------+------------+------+
This panel reports FMAX for every clock in the design, regardless of the user-specified clock periods.  FMAX is only computed for paths where the source and destination registers or ports are driven by the same clock.  Paths of different clocks, including generated clocks, are ignored.  For paths between a clock and its inversion, FMAX is computed as if the rising and falling edges are scaled along with FMAX, such that the duty cycle (in terms of a percentage) is maintained. Altera recommends that you always use clock constraints and other slack reports for sign-off analysis.


+-------------------------------------+
; Slow 1200mV 85C Model Setup Summary ;
+-------+--------+--------------------+
; Clock ; Slack  ; End Point TNS      ;
+-------+--------+--------------------+
; clk   ; -8.063 ; -818.783           ;
+-------+--------+--------------------+


+------------------------------------+
; Slow 1200mV 85C Model Hold Summary ;
+-------+-------+--------------------+
; Clock ; Slack ; End Point TNS      ;
+-------+-------+--------------------+
; clk   ; 2.417 ; 0.000              ;
+-------+-------+--------------------+


------------------------------------------
; Slow 1200mV 85C Model Recovery Summary ;
------------------------------------------
No paths to report.


-----------------------------------------
; Slow 1200mV 85C Model Removal Summary ;
-----------------------------------------
No paths to report.


+---------------------------------------------------+
; Slow 1200mV 85C Model Minimum Pulse Width Summary ;
+-------+-------+-----------------------------------+
; Clock ; Slack ; End Point TNS                     ;
+-------+-------+-----------------------------------+
; clk   ; 1.000 ; 0.000                             ;
+-------+-------+-----------------------------------+


-----------------------------------------------
; Slow 1200mV 85C Model Metastability Summary ;
-----------------------------------------------
No synchronizer chains to report.


+-------------------------------------------------+
; Slow 1200mV 0C Model Fmax Summary               ;
+-----------+-----------------+------------+------+
; Fmax      ; Restricted Fmax ; Clock Name ; Note ;
+-----------+-----------------+------------+------+
; 83.93 MHz ; 83.93 MHz       ; clk        ;      ;
+-----------+-----------------+------------+------+
This panel reports FMAX for every clock in the design, regardless of the user-specified clock periods.  FMAX is only computed for paths where the source and destination registers or ports are driven by the same clock.  Paths of different clocks, including generated clocks, are ignored.  For paths between a clock and its inversion, FMAX is computed as if the rising and falling edges are scaled along with FMAX, such that the duty cycle (in terms of a percentage) is maintained. Altera recommends that you always use clock constraints and other slack reports for sign-off analysis.


+------------------------------------+
; Slow 1200mV 0C Model Setup Summary ;
+-------+--------+-------------------+
; Clock ; Slack  ; End Point TNS     ;
+-------+--------+-------------------+
; clk   ; -6.915 ; -696.645          ;
+-------+--------+-------------------+


+-----------------------------------+
; Slow 1200mV 0C Model Hold Summary ;
+-------+-------+-------------------+
; Clock ; Slack ; End Point TNS     ;
+-------+-------+-------------------+
; clk   ; 2.162 ; 0.000             ;
+-------+-------+-------------------+


-----------------------------------------
; Slow 1200mV 0C Model Recovery Summary ;
-----------------------------------------
No paths to report.


----------------------------------------
; Slow 1200mV 0C Model Removal Summary ;
----------------------------------------
No paths to report.


+--------------------------------------------------+
; Slow 1200mV 0C Model Minimum Pulse Width Summary ;
+-------+-------+----------------------------------+
; Clock ; Slack ; End Point TNS                    ;
+-------+-------+----------------------------------+
; clk   ; 1.000 ; 0.000                            ;
+-------+-------+----------------------------------+


----------------------------------------------
; Slow 1200mV 0C Model Metastability Summary ;
----------------------------------------------
No synchronizer chains to report.


+------------------------------------+
; Fast 1200mV 0C Model Setup Summary ;
+-------+--------+-------------------+
; Clock ; Slack  ; End Point TNS     ;
+-------+--------+-------------------+
; clk   ; -0.432 ; -16.786           ;
+-------+--------+-------------------+


+-----------------------------------+
; Fast 1200mV 0C Model Hold Summary ;
+-------+-------+-------------------+
; Clock ; Slack ; End Point TNS     ;
+-------+-------+-------------------+
; clk   ; 0.976 ; 0.000             ;
+-------+-------+-------------------+


-----------------------------------------
; Fast 1200mV 0C Model Recovery Summary ;
-----------------------------------------
No paths to report.


----------------------------------------
; Fast 1200mV 0C Model Removal Summary ;
----------------------------------------
No paths to report.


+--------------------------------------------------+
; Fast 1200mV 0C Model Minimum Pulse Width Summary ;
+-------+-------+----------------------------------+
; Clock ; Slack ; End Point TNS                    ;
+-------+-------+----------------------------------+
; clk   ; 1.000 ; 0.000                            ;
+-------+-------+----------------------------------+


----------------------------------------------
; Fast 1200mV 0C Model Metastability Summary ;
----------------------------------------------
No synchronizer chains to report.


+--------------------------------------------------------------------------------+
; Multicorner Timing Analysis Summary                                            ;
+------------------+----------+-------+----------+---------+---------------------+
; Clock            ; Setup    ; Hold  ; Recovery ; Removal ; Minimum Pulse Width ;
+------------------+----------+-------+----------+---------+---------------------+
; Worst-case Slack ; -8.063   ; 0.976 ; N/A      ; N/A     ; 1.000               ;
;  clk             ; -8.063   ; 0.976 ; N/A      ; N/A     ; 1.000               ;
; Design-wide TNS  ; -818.783 ; 0.0   ; 0.0      ; 0.0     ; 0.0                 ;
;  clk             ; -818.783 ; 0.000 ; N/A      ; N/A     ; 0.000               ;
+------------------+----------+-------+----------+---------+---------------------+


+-----------------------------------------------------------------------------------------------------------------------------------------------------------------------------------------------------------------------------------------------------------------------------------------------------------------------------------------------------------------------------------------------------------------+
; Board Trace Model Assignments                                                                                                                                                                                                                                                                                                                                                                                   ;
+--------------+--------------+-------------------+-------------------------+-------------------------+---------------+---------------------+----------------+------------------+--------+------------------+------------------------+------------------------+--------------+---------------+-----------------+-------+---------------------+--------------------+---------------+-----------------+-------------+
; Pin          ; I/O Standard ; Near Tline Length ; Near Tline L per Length ; Near Tline C per Length ; Near Series R ; Near Differential R ; Near Pull-up R ; Near Pull-down R ; Near C ; Far Tline Length ; Far Tline L per Length ; Far Tline C per Length ; Far Series R ; Far Pull-up R ; Far Pull-down R ; Far C ; Termination Voltage ; Far Differential R ; EBD File Name ; EBD Signal Name ; EBD Far-end ;
+--------------+--------------+-------------------+-------------------------+-------------------------+---------------+---------------------+----------------+------------------+--------+------------------+------------------------+------------------------+--------------+---------------+-----------------+-------+---------------------+--------------------+---------------+-----------------+-------------+
; ~ALTERA_TDO~ ; 2.5 V        ; 0 in              ; 0 H/in                  ; 0 F/in                  ; short         ; -                   ; open           ; open             ; open   ; 0 in             ; 0 H/in                 ; 0 F/in                 ; short        ; open          ; open            ; open  ; 0 V                 ; -                  ; n/a           ; n/a             ; n/a         ;
+--------------+--------------+-------------------+-------------------------+-------------------------+---------------+---------------------+----------------+------------------+--------+------------------+------------------------+------------------------+--------------+---------------+-----------------+-------+---------------------+--------------------+---------------+-----------------+-------------+


+---------------------------------------------------------------------------------+
; Input Transition Times                                                          ;
+---------------------+-----------------------+-----------------+-----------------+
; Pin                 ; I/O Standard          ; 10-90 Rise Time ; 90-10 Fall Time ;
+---------------------+-----------------------+-----------------+-----------------+
; clk                 ; 3.3-V LVTTL           ; 2640 ps         ; 2640 ps         ;
; ~ALTERA_TMS~        ; 2.5 V Schmitt Trigger ; 2000 ps         ; 2000 ps         ;
; ~ALTERA_TCK~        ; 2.5 V Schmitt Trigger ; 2000 ps         ; 2000 ps         ;
; ~ALTERA_TDI~        ; 2.5 V Schmitt Trigger ; 2000 ps         ; 2000 ps         ;
; ~ALTERA_CONFIG_SEL~ ; 2.5 V                 ; 2000 ps         ; 2000 ps         ;
; ~ALTERA_nCONFIG~    ; 2.5 V Schmitt Trigger ; 2000 ps         ; 2000 ps         ;
; ~ALTERA_nSTATUS~    ; 2.5 V Schmitt Trigger ; 2000 ps         ; 2000 ps         ;
; ~ALTERA_CONF_DONE~  ; 2.5 V Schmitt Trigger ; 2000 ps         ; 2000 ps         ;
+---------------------+-----------------------+-----------------+-----------------+


+-------------------------------------------------------------------------------------------------------------------------------------------------------------------------------------------------------------------------------------------------------------------------------------------------------------------------------------------------------------------------------------------------------------------------------------------------------------------------------------------------------------------------------------------------------------------------------------------------------------------------------------------------------------------------------------------+
; Signal Integrity Metrics (Slow 1200mv 0c Model)                                                                                                                                                                                                                                                                                                                                                                                                                                                                                                                                                                                                                                           ;
+--------------+--------------+---------------------+---------------------+------------------------------+------------------------------+---------------------+---------------------+--------------------------------------+--------------------------------------+-----------------------------+-----------------------------+----------------------------+----------------------------+-----------------------------+-----------------------------+--------------------+--------------------+-------------------------------------+-------------------------------------+----------------------------+----------------------------+---------------------------+---------------------------+
; Pin          ; I/O Standard ; Board Delay on Rise ; Board Delay on Fall ; Steady State Voh at FPGA Pin ; Steady State Vol at FPGA Pin ; Voh Max at FPGA Pin ; Vol Min at FPGA Pin ; Ringback Voltage on Rise at FPGA Pin ; Ringback Voltage on Fall at FPGA Pin ; 10-90 Rise Time at FPGA Pin ; 90-10 Fall Time at FPGA Pin ; Monotonic Rise at FPGA Pin ; Monotonic Fall at FPGA Pin ; Steady State Voh at Far-end ; Steady State Vol at Far-end ; Voh Max at Far-end ; Vol Min at Far-end ; Ringback Voltage on Rise at Far-end ; Ringback Voltage on Fall at Far-end ; 10-90 Rise Time at Far-end ; 90-10 Fall Time at Far-end ; Monotonic Rise at Far-end ; Monotonic Fall at Far-end ;
+--------------+--------------+---------------------+---------------------+------------------------------+------------------------------+---------------------+---------------------+--------------------------------------+--------------------------------------+-----------------------------+-----------------------------+----------------------------+----------------------------+-----------------------------+-----------------------------+--------------------+--------------------+-------------------------------------+-------------------------------------+----------------------------+----------------------------+---------------------------+---------------------------+
; ~ALTERA_TDO~ ; 2.5 V        ; 0 s                 ; 0 s                 ; 2.32 V                       ; 1.39e-08 V                   ; 2.39 V              ; -0.0407 V           ; 0.211 V                              ; 0.121 V                              ; 4.7e-10 s                   ; 5.93e-10 s                  ; No                         ; Yes                        ; 2.32 V                      ; 1.39e-08 V                  ; 2.39 V             ; -0.0407 V          ; 0.211 V                             ; 0.121 V                             ; 4.7e-10 s                  ; 5.93e-10 s                 ; No                        ; Yes                       ;
+--------------+--------------+---------------------+---------------------+------------------------------+------------------------------+---------------------+---------------------+--------------------------------------+--------------------------------------+-----------------------------+-----------------------------+----------------------------+----------------------------+-----------------------------+-----------------------------+--------------------+--------------------+-------------------------------------+-------------------------------------+----------------------------+----------------------------+---------------------------+---------------------------+


+-------------------------------------------------------------------------------------------------------------------------------------------------------------------------------------------------------------------------------------------------------------------------------------------------------------------------------------------------------------------------------------------------------------------------------------------------------------------------------------------------------------------------------------------------------------------------------------------------------------------------------------------------------------------------------------------+
; Signal Integrity Metrics (Slow 1200mv 85c Model)                                                                                                                                                                                                                                                                                                                                                                                                                                                                                                                                                                                                                                          ;
+--------------+--------------+---------------------+---------------------+------------------------------+------------------------------+---------------------+---------------------+--------------------------------------+--------------------------------------+-----------------------------+-----------------------------+----------------------------+----------------------------+-----------------------------+-----------------------------+--------------------+--------------------+-------------------------------------+-------------------------------------+----------------------------+----------------------------+---------------------------+---------------------------+
; Pin          ; I/O Standard ; Board Delay on Rise ; Board Delay on Fall ; Steady State Voh at FPGA Pin ; Steady State Vol at FPGA Pin ; Voh Max at FPGA Pin ; Vol Min at FPGA Pin ; Ringback Voltage on Rise at FPGA Pin ; Ringback Voltage on Fall at FPGA Pin ; 10-90 Rise Time at FPGA Pin ; 90-10 Fall Time at FPGA Pin ; Monotonic Rise at FPGA Pin ; Monotonic Fall at FPGA Pin ; Steady State Voh at Far-end ; Steady State Vol at Far-end ; Voh Max at Far-end ; Vol Min at Far-end ; Ringback Voltage on Rise at Far-end ; Ringback Voltage on Fall at Far-end ; 10-90 Rise Time at Far-end ; 90-10 Fall Time at Far-end ; Monotonic Rise at Far-end ; Monotonic Fall at Far-end ;
+--------------+--------------+---------------------+---------------------+------------------------------+------------------------------+---------------------+---------------------+--------------------------------------+--------------------------------------+-----------------------------+-----------------------------+----------------------------+----------------------------+-----------------------------+-----------------------------+--------------------+--------------------+-------------------------------------+-------------------------------------+----------------------------+----------------------------+---------------------------+---------------------------+
; ~ALTERA_TDO~ ; 2.5 V        ; 0 s                 ; 0 s                 ; 2.32 V                       ; 1.97e-06 V                   ; 2.36 V              ; -0.0174 V           ; 0.144 V                              ; 0.094 V                              ; 6.45e-10 s                  ; 7.22e-10 s                  ; No                         ; Yes                        ; 2.32 V                      ; 1.97e-06 V                  ; 2.36 V             ; -0.0174 V          ; 0.144 V                             ; 0.094 V                             ; 6.45e-10 s                 ; 7.22e-10 s                 ; No                        ; Yes                       ;
+--------------+--------------+---------------------+---------------------+------------------------------+------------------------------+---------------------+---------------------+--------------------------------------+--------------------------------------+-----------------------------+-----------------------------+----------------------------+----------------------------+-----------------------------+-----------------------------+--------------------+--------------------+-------------------------------------+-------------------------------------+----------------------------+----------------------------+---------------------------+---------------------------+


+-------------------------------------------------------------------------------------------------------------------------------------------------------------------------------------------------------------------------------------------------------------------------------------------------------------------------------------------------------------------------------------------------------------------------------------------------------------------------------------------------------------------------------------------------------------------------------------------------------------------------------------------------------------------------------------------+
; Signal Integrity Metrics (Fast 1200mv 0c Model)                                                                                                                                                                                                                                                                                                                                                                                                                                                                                                                                                                                                                                           ;
+--------------+--------------+---------------------+---------------------+------------------------------+------------------------------+---------------------+---------------------+--------------------------------------+--------------------------------------+-----------------------------+-----------------------------+----------------------------+----------------------------+-----------------------------+-----------------------------+--------------------+--------------------+-------------------------------------+-------------------------------------+----------------------------+----------------------------+---------------------------+---------------------------+
; Pin          ; I/O Standard ; Board Delay on Rise ; Board Delay on Fall ; Steady State Voh at FPGA Pin ; Steady State Vol at FPGA Pin ; Voh Max at FPGA Pin ; Vol Min at FPGA Pin ; Ringback Voltage on Rise at FPGA Pin ; Ringback Voltage on Fall at FPGA Pin ; 10-90 Rise Time at FPGA Pin ; 90-10 Fall Time at FPGA Pin ; Monotonic Rise at FPGA Pin ; Monotonic Fall at FPGA Pin ; Steady State Voh at Far-end ; Steady State Vol at Far-end ; Voh Max at Far-end ; Vol Min at Far-end ; Ringback Voltage on Rise at Far-end ; Ringback Voltage on Fall at Far-end ; 10-90 Rise Time at Far-end ; 90-10 Fall Time at Far-end ; Monotonic Rise at Far-end ; Monotonic Fall at Far-end ;
+--------------+--------------+---------------------+---------------------+------------------------------+------------------------------+---------------------+---------------------+--------------------------------------+--------------------------------------+-----------------------------+-----------------------------+----------------------------+----------------------------+-----------------------------+-----------------------------+--------------------+--------------------+-------------------------------------+-------------------------------------+----------------------------+----------------------------+---------------------------+---------------------------+
; ~ALTERA_TDO~ ; 2.5 V        ; 0 s                 ; 0 s                 ; 2.62 V                       ; 1.68e-07 V                   ; 2.73 V              ; -0.0396 V           ; 0.362 V                              ; 0.108 V                              ; 3.11e-10 s                  ; 4.42e-10 s                  ; No                         ; Yes                        ; 2.62 V                      ; 1.68e-07 V                  ; 2.73 V             ; -0.0396 V          ; 0.362 V                             ; 0.108 V                             ; 3.11e-10 s                 ; 4.42e-10 s                 ; No                        ; Yes                       ;
+--------------+--------------+---------------------+---------------------+------------------------------+------------------------------+---------------------+---------------------+--------------------------------------+--------------------------------------+-----------------------------+-----------------------------+----------------------------+----------------------------+-----------------------------+-----------------------------+--------------------+--------------------+-------------------------------------+-------------------------------------+----------------------------+----------------------------+---------------------------+---------------------------+


+-------------------------------------------------------------------+
; Setup Transfers                                                   ;
+------------+----------+----------+----------+----------+----------+
; From Clock ; To Clock ; RR Paths ; FR Paths ; RF Paths ; FF Paths ;
+------------+----------+----------+----------+----------+----------+
; clk        ; clk      ; 67098860 ; 0        ; 0        ; 0        ;
+------------+----------+----------+----------+----------+----------+
Entries labeled "false path" only account for clock-to-clock false paths and not path-based false paths. As a result, actual path counts may be lower than reported.


+-------------------------------------------------------------------+
; Hold Transfers                                                    ;
+------------+----------+----------+----------+----------+----------+
; From Clock ; To Clock ; RR Paths ; FR Paths ; RF Paths ; FF Paths ;
+------------+----------+----------+----------+----------+----------+
; clk        ; clk      ; 67098860 ; 0        ; 0        ; 0        ;
+------------+----------+----------+----------+----------+----------+
Entries labeled "false path" only account for clock-to-clock false paths and not path-based false paths. As a result, actual path counts may be lower than reported.


---------------
; Report TCCS ;
---------------
No dedicated SERDES Transmitter circuitry present in device or used in design


---------------
; Report RSKM ;
---------------
No non-DPA dedicated SERDES Receiver circuitry present in device or used in design


+------------------------------------------------+
; Unconstrained Paths Summary                    ;
+---------------------------------+-------+------+
; Property                        ; Setup ; Hold ;
+---------------------------------+-------+------+
; Illegal Clocks                  ; 0     ; 0    ;
; Unconstrained Clocks            ; 0     ; 0    ;
; Unconstrained Input Ports       ; 160   ; 160  ;
; Unconstrained Input Port Paths  ; 160   ; 160  ;
; Unconstrained Output Ports      ; 128   ; 128  ;
; Unconstrained Output Port Paths ; 128   ; 128  ;
+---------------------------------+-------+------+


+-------------------------------------+
; Clock Status Summary                ;
+--------+-------+------+-------------+
; Target ; Clock ; Type ; Status      ;
+--------+-------+------+-------------+
; clk    ; clk   ; Base ; Constrained ;
+--------+-------+------+-------------+


+---------------------------------------------------------------------------------------------------+
; Unconstrained Input Ports                                                                         ;
+------------+--------------------------------------------------------------------------------------+
; Input Port ; Comment                                                                              ;
+------------+--------------------------------------------------------------------------------------+
; w00[0]     ; No input delay, min/max delays, false-path exceptions, or max skew assignments found ;
; w00[1]     ; No input delay, min/max delays, false-path exceptions, or max skew assignments found ;
; w00[2]     ; No input delay, min/max delays, false-path exceptions, or max skew assignments found ;
; w00[3]     ; No input delay, min/max delays, false-path exceptions, or max skew assignments found ;
; w00[4]     ; No input delay, min/max delays, false-path exceptions, or max skew assignments found ;
; w00[5]     ; No input delay, min/max delays, false-path exceptions, or max skew assignments found ;
; w00[6]     ; No input delay, min/max delays, false-path exceptions, or max skew assignments found ;
; w00[7]     ; No input delay, min/max delays, false-path exceptions, or max skew assignments found ;
; w01[0]     ; No input delay, min/max delays, false-path exceptions, or max skew assignments found ;
; w01[1]     ; No input delay, min/max delays, false-path exceptions, or max skew assignments found ;
; w01[2]     ; No input delay, min/max delays, false-path exceptions, or max skew assignments found ;
; w01[3]     ; No input delay, min/max delays, false-path exceptions, or max skew assignments found ;
; w01[4]     ; No input delay, min/max delays, false-path exceptions, or max skew assignments found ;
; w01[5]     ; No input delay, min/max delays, false-path exceptions, or max skew assignments found ;
; w01[6]     ; No input delay, min/max delays, false-path exceptions, or max skew assignments found ;
; w01[7]     ; No input delay, min/max delays, false-path exceptions, or max skew assignments found ;
; w02[0]     ; No input delay, min/max delays, false-path exceptions, or max skew assignments found ;
; w02[1]     ; No input delay, min/max delays, false-path exceptions, or max skew assignments found ;
; w02[2]     ; No input delay, min/max delays, false-path exceptions, or max skew assignments found ;
; w02[3]     ; No input delay, min/max delays, false-path exceptions, or max skew assignments found ;
; w02[4]     ; No input delay, min/max delays, false-path exceptions, or max skew assignments found ;
; w02[5]     ; No input delay, min/max delays, false-path exceptions, or max skew assignments found ;
; w02[6]     ; No input delay, min/max delays, false-path exceptions, or max skew assignments found ;
; w02[7]     ; No input delay, min/max delays, false-path exceptions, or max skew assignments found ;
; w03[0]     ; No input delay, min/max delays, false-path exceptions, or max skew assignments found ;
; w03[1]     ; No input delay, min/max delays, false-path exceptions, or max skew assignments found ;
; w03[2]     ; No input delay, min/max delays, false-path exceptions, or max skew assignments found ;
; w03[3]     ; No input delay, min/max delays, false-path exceptions, or max skew assignments found ;
; w03[4]     ; No input delay, min/max delays, false-path exceptions, or max skew assignments found ;
; w03[5]     ; No input delay, min/max delays, false-path exceptions, or max skew assignments found ;
; w03[6]     ; No input delay, min/max delays, false-path exceptions, or max skew assignments found ;
; w03[7]     ; No input delay, min/max delays, false-path exceptions, or max skew assignments found ;
; w10[0]     ; No input delay, min/max delays, false-path exceptions, or max skew assignments found ;
; w10[1]     ; No input delay, min/max delays, false-path exceptions, or max skew assignments found ;
; w10[2]     ; No input delay, min/max delays, false-path exceptions, or max skew assignments found ;
; w10[3]     ; No input delay, min/max delays, false-path exceptions, or max skew assignments found ;
; w10[4]     ; No input delay, min/max delays, false-path exceptions, or max skew assignments found ;
; w10[5]     ; No input delay, min/max delays, false-path exceptions, or max skew assignments found ;
; w10[6]     ; No input delay, min/max delays, false-path exceptions, or max skew assignments found ;
; w10[7]     ; No input delay, min/max delays, false-path exceptions, or max skew assignments found ;
; w11[0]     ; No input delay, min/max delays, false-path exceptions, or max skew assignments found ;
; w11[1]     ; No input delay, min/max delays, false-path exceptions, or max skew assignments found ;
; w11[2]     ; No input delay, min/max delays, false-path exceptions, or max skew assignments found ;
; w11[3]     ; No input delay, min/max delays, false-path exceptions, or max skew assignments found ;
; w11[4]     ; No input delay, min/max delays, false-path exceptions, or max skew assignments found ;
; w11[5]     ; No input delay, min/max delays, false-path exceptions, or max skew assignments found ;
; w11[6]     ; No input delay, min/max delays, false-path exceptions, or max skew assignments found ;
; w11[7]     ; No input delay, min/max delays, false-path exceptions, or max skew assignments found ;
; w12[0]     ; No input delay, min/max delays, false-path exceptions, or max skew assignments found ;
; w12[1]     ; No input delay, min/max delays, false-path exceptions, or max skew assignments found ;
; w12[2]     ; No input delay, min/max delays, false-path exceptions, or max skew assignments found ;
; w12[3]     ; No input delay, min/max delays, false-path exceptions, or max skew assignments found ;
; w12[4]     ; No input delay, min/max delays, false-path exceptions, or max skew assignments found ;
; w12[5]     ; No input delay, min/max delays, false-path exceptions, or max skew assignments found ;
; w12[6]     ; No input delay, min/max delays, false-path exceptions, or max skew assignments found ;
; w12[7]     ; No input delay, min/max delays, false-path exceptions, or max skew assignments found ;
; w13[0]     ; No input delay, min/max delays, false-path exceptions, or max skew assignments found ;
; w13[1]     ; No input delay, min/max delays, false-path exceptions, or max skew assignments found ;
; w13[2]     ; No input delay, min/max delays, false-path exceptions, or max skew assignments found ;
; w13[3]     ; No input delay, min/max delays, false-path exceptions, or max skew assignments found ;
; w13[4]     ; No input delay, min/max delays, false-path exceptions, or max skew assignments found ;
; w13[5]     ; No input delay, min/max delays, false-path exceptions, or max skew assignments found ;
; w13[6]     ; No input delay, min/max delays, false-path exceptions, or max skew assignments found ;
; w13[7]     ; No input delay, min/max delays, false-path exceptions, or max skew assignments found ;
; w20[0]     ; No input delay, min/max delays, false-path exceptions, or max skew assignments found ;
; w20[1]     ; No input delay, min/max delays, false-path exceptions, or max skew assignments found ;
; w20[2]     ; No input delay, min/max delays, false-path exceptions, or max skew assignments found ;
; w20[3]     ; No input delay, min/max delays, false-path exceptions, or max skew assignments found ;
; w20[4]     ; No input delay, min/max delays, false-path exceptions, or max skew assignments found ;
; w20[5]     ; No input delay, min/max delays, false-path exceptions, or max skew assignments found ;
; w20[6]     ; No input delay, min/max delays, false-path exceptions, or max skew assignments found ;
; w20[7]     ; No input delay, min/max delays, false-path exceptions, or max skew assignments found ;
; w21[0]     ; No input delay, min/max delays, false-path exceptions, or max skew assignments found ;
; w21[1]     ; No input delay, min/max delays, false-path exceptions, or max skew assignments found ;
; w21[2]     ; No input delay, min/max delays, false-path exceptions, or max skew assignments found ;
; w21[3]     ; No input delay, min/max delays, false-path exceptions, or max skew assignments found ;
; w21[4]     ; No input delay, min/max delays, false-path exceptions, or max skew assignments found ;
; w21[5]     ; No input delay, min/max delays, false-path exceptions, or max skew assignments found ;
; w21[6]     ; No input delay, min/max delays, false-path exceptions, or max skew assignments found ;
; w21[7]     ; No input delay, min/max delays, false-path exceptions, or max skew assignments found ;
; w22[0]     ; No input delay, min/max delays, false-path exceptions, or max skew assignments found ;
; w22[1]     ; No input delay, min/max delays, false-path exceptions, or max skew assignments found ;
; w22[2]     ; No input delay, min/max delays, false-path exceptions, or max skew assignments found ;
; w22[3]     ; No input delay, min/max delays, false-path exceptions, or max skew assignments found ;
; w22[4]     ; No input delay, min/max delays, false-path exceptions, or max skew assignments found ;
; w22[5]     ; No input delay, min/max delays, false-path exceptions, or max skew assignments found ;
; w22[6]     ; No input delay, min/max delays, false-path exceptions, or max skew assignments found ;
; w22[7]     ; No input delay, min/max delays, false-path exceptions, or max skew assignments found ;
; w23[0]     ; No input delay, min/max delays, false-path exceptions, or max skew assignments found ;
; w23[1]     ; No input delay, min/max delays, false-path exceptions, or max skew assignments found ;
; w23[2]     ; No input delay, min/max delays, false-path exceptions, or max skew assignments found ;
; w23[3]     ; No input delay, min/max delays, false-path exceptions, or max skew assignments found ;
; w23[4]     ; No input delay, min/max delays, false-path exceptions, or max skew assignments found ;
; w23[5]     ; No input delay, min/max delays, false-path exceptions, or max skew assignments found ;
; w23[6]     ; No input delay, min/max delays, false-path exceptions, or max skew assignments found ;
; w23[7]     ; No input delay, min/max delays, false-path exceptions, or max skew assignments found ;
; w30[0]     ; No input delay, min/max delays, false-path exceptions, or max skew assignments found ;
; w30[1]     ; No input delay, min/max delays, false-path exceptions, or max skew assignments found ;
; w30[2]     ; No input delay, min/max delays, false-path exceptions, or max skew assignments found ;
; w30[3]     ; No input delay, min/max delays, false-path exceptions, or max skew assignments found ;
; w30[4]     ; No input delay, min/max delays, false-path exceptions, or max skew assignments found ;
; w30[5]     ; No input delay, min/max delays, false-path exceptions, or max skew assignments found ;
; w30[6]     ; No input delay, min/max delays, false-path exceptions, or max skew assignments found ;
; w30[7]     ; No input delay, min/max delays, false-path exceptions, or max skew assignments found ;
; w31[0]     ; No input delay, min/max delays, false-path exceptions, or max skew assignments found ;
; w31[1]     ; No input delay, min/max delays, false-path exceptions, or max skew assignments found ;
; w31[2]     ; No input delay, min/max delays, false-path exceptions, or max skew assignments found ;
; w31[3]     ; No input delay, min/max delays, false-path exceptions, or max skew assignments found ;
; w31[4]     ; No input delay, min/max delays, false-path exceptions, or max skew assignments found ;
; w31[5]     ; No input delay, min/max delays, false-path exceptions, or max skew assignments found ;
; w31[6]     ; No input delay, min/max delays, false-path exceptions, or max skew assignments found ;
; w31[7]     ; No input delay, min/max delays, false-path exceptions, or max skew assignments found ;
; w32[0]     ; No input delay, min/max delays, false-path exceptions, or max skew assignments found ;
; w32[1]     ; No input delay, min/max delays, false-path exceptions, or max skew assignments found ;
; w32[2]     ; No input delay, min/max delays, false-path exceptions, or max skew assignments found ;
; w32[3]     ; No input delay, min/max delays, false-path exceptions, or max skew assignments found ;
; w32[4]     ; No input delay, min/max delays, false-path exceptions, or max skew assignments found ;
; w32[5]     ; No input delay, min/max delays, false-path exceptions, or max skew assignments found ;
; w32[6]     ; No input delay, min/max delays, false-path exceptions, or max skew assignments found ;
; w32[7]     ; No input delay, min/max delays, false-path exceptions, or max skew assignments found ;
; w33[0]     ; No input delay, min/max delays, false-path exceptions, or max skew assignments found ;
; w33[1]     ; No input delay, min/max delays, false-path exceptions, or max skew assignments found ;
; w33[2]     ; No input delay, min/max delays, false-path exceptions, or max skew assignments found ;
; w33[3]     ; No input delay, min/max delays, false-path exceptions, or max skew assignments found ;
; w33[4]     ; No input delay, min/max delays, false-path exceptions, or max skew assignments found ;
; w33[5]     ; No input delay, min/max delays, false-path exceptions, or max skew assignments found ;
; w33[6]     ; No input delay, min/max delays, false-path exceptions, or max skew assignments found ;
; w33[7]     ; No input delay, min/max delays, false-path exceptions, or max skew assignments found ;
; x0[0]      ; No input delay, min/max delays, false-path exceptions, or max skew assignments found ;
; x0[1]      ; No input delay, min/max delays, false-path exceptions, or max skew assignments found ;
; x0[2]      ; No input delay, min/max delays, false-path exceptions, or max skew assignments found ;
; x0[3]      ; No input delay, min/max delays, false-path exceptions, or max skew assignments found ;
; x0[4]      ; No input delay, min/max delays, false-path exceptions, or max skew assignments found ;
; x0[5]      ; No input delay, min/max delays, false-path exceptions, or max skew assignments found ;
; x0[6]      ; No input delay, min/max delays, false-path exceptions, or max skew assignments found ;
; x0[7]      ; No input delay, min/max delays, false-path exceptions, or max skew assignments found ;
; x1[0]      ; No input delay, min/max delays, false-path exceptions, or max skew assignments found ;
; x1[1]      ; No input delay, min/max delays, false-path exceptions, or max skew assignments found ;
; x1[2]      ; No input delay, min/max delays, false-path exceptions, or max skew assignments found ;
; x1[3]      ; No input delay, min/max delays, false-path exceptions, or max skew assignments found ;
; x1[4]      ; No input delay, min/max delays, false-path exceptions, or max skew assignments found ;
; x1[5]      ; No input delay, min/max delays, false-path exceptions, or max skew assignments found ;
; x1[6]      ; No input delay, min/max delays, false-path exceptions, or max skew assignments found ;
; x1[7]      ; No input delay, min/max delays, false-path exceptions, or max skew assignments found ;
; x2[0]      ; No input delay, min/max delays, false-path exceptions, or max skew assignments found ;
; x2[1]      ; No input delay, min/max delays, false-path exceptions, or max skew assignments found ;
; x2[2]      ; No input delay, min/max delays, false-path exceptions, or max skew assignments found ;
; x2[3]      ; No input delay, min/max delays, false-path exceptions, or max skew assignments found ;
; x2[4]      ; No input delay, min/max delays, false-path exceptions, or max skew assignments found ;
; x2[5]      ; No input delay, min/max delays, false-path exceptions, or max skew assignments found ;
; x2[6]      ; No input delay, min/max delays, false-path exceptions, or max skew assignments found ;
; x2[7]      ; No input delay, min/max delays, false-path exceptions, or max skew assignments found ;
; x3[0]      ; No input delay, min/max delays, false-path exceptions, or max skew assignments found ;
; x3[1]      ; No input delay, min/max delays, false-path exceptions, or max skew assignments found ;
; x3[2]      ; No input delay, min/max delays, false-path exceptions, or max skew assignments found ;
; x3[3]      ; No input delay, min/max delays, false-path exceptions, or max skew assignments found ;
; x3[4]      ; No input delay, min/max delays, false-path exceptions, or max skew assignments found ;
; x3[5]      ; No input delay, min/max delays, false-path exceptions, or max skew assignments found ;
; x3[6]      ; No input delay, min/max delays, false-path exceptions, or max skew assignments found ;
; x3[7]      ; No input delay, min/max delays, false-path exceptions, or max skew assignments found ;
+------------+--------------------------------------------------------------------------------------+


+-----------------------------------------------------------------------------------------------------+
; Unconstrained Output Ports                                                                          ;
+-------------+---------------------------------------------------------------------------------------+
; Output Port ; Comment                                                                               ;
+-------------+---------------------------------------------------------------------------------------+
; y0[0]       ; No output delay, min/max delays, false-path exceptions, or max skew assignments found ;
; y0[1]       ; No output delay, min/max delays, false-path exceptions, or max skew assignments found ;
; y0[2]       ; No output delay, min/max delays, false-path exceptions, or max skew assignments found ;
; y0[3]       ; No output delay, min/max delays, false-path exceptions, or max skew assignments found ;
; y0[4]       ; No output delay, min/max delays, false-path exceptions, or max skew assignments found ;
; y0[5]       ; No output delay, min/max delays, false-path exceptions, or max skew assignments found ;
; y0[6]       ; No output delay, min/max delays, false-path exceptions, or max skew assignments found ;
; y0[7]       ; No output delay, min/max delays, false-path exceptions, or max skew assignments found ;
; y0[8]       ; No output delay, min/max delays, false-path exceptions, or max skew assignments found ;
; y0[9]       ; No output delay, min/max delays, false-path exceptions, or max skew assignments found ;
; y0[10]      ; No output delay, min/max delays, false-path exceptions, or max skew assignments found ;
; y0[11]      ; No output delay, min/max delays, false-path exceptions, or max skew assignments found ;
; y0[12]      ; No output delay, min/max delays, false-path exceptions, or max skew assignments found ;
; y0[13]      ; No output delay, min/max delays, false-path exceptions, or max skew assignments found ;
; y0[14]      ; No output delay, min/max delays, false-path exceptions, or max skew assignments found ;
; y0[15]      ; No output delay, min/max delays, false-path exceptions, or max skew assignments found ;
; y0[16]      ; No output delay, min/max delays, false-path exceptions, or max skew assignments found ;
; y0[17]      ; No output delay, min/max delays, false-path exceptions, or max skew assignments found ;
; y0[18]      ; No output delay, min/max delays, false-path exceptions, or max skew assignments found ;
; y0[19]      ; No output delay, min/max delays, false-path exceptions, or max skew assignments found ;
; y0[20]      ; No output delay, min/max delays, false-path exceptions, or max skew assignments found ;
; y0[21]      ; No output delay, min/max delays, false-path exceptions, or max skew assignments found ;
; y0[22]      ; No output delay, min/max delays, false-path exceptions, or max skew assignments found ;
; y0[23]      ; No output delay, min/max delays, false-path exceptions, or max skew assignments found ;
; y0[24]      ; No output delay, min/max delays, false-path exceptions, or max skew assignments found ;
; y0[25]      ; No output delay, min/max delays, false-path exceptions, or max skew assignments found ;
; y0[26]      ; No output delay, min/max delays, false-path exceptions, or max skew assignments found ;
; y0[27]      ; No output delay, min/max delays, false-path exceptions, or max skew assignments found ;
; y0[28]      ; No output delay, min/max delays, false-path exceptions, or max skew assignments found ;
; y0[29]      ; No output delay, min/max delays, false-path exceptions, or max skew assignments found ;
; y0[30]      ; No output delay, min/max delays, false-path exceptions, or max skew assignments found ;
; y0[31]      ; No output delay, min/max delays, false-path exceptions, or max skew assignments found ;
; y1[0]       ; No output delay, min/max delays, false-path exceptions, or max skew assignments found ;
; y1[1]       ; No output delay, min/max delays, false-path exceptions, or max skew assignments found ;
; y1[2]       ; No output delay, min/max delays, false-path exceptions, or max skew assignments found ;
; y1[3]       ; No output delay, min/max delays, false-path exceptions, or max skew assignments found ;
; y1[4]       ; No output delay, min/max delays, false-path exceptions, or max skew assignments found ;
; y1[5]       ; No output delay, min/max delays, false-path exceptions, or max skew assignments found ;
; y1[6]       ; No output delay, min/max delays, false-path exceptions, or max skew assignments found ;
; y1[7]       ; No output delay, min/max delays, false-path exceptions, or max skew assignments found ;
; y1[8]       ; No output delay, min/max delays, false-path exceptions, or max skew assignments found ;
; y1[9]       ; No output delay, min/max delays, false-path exceptions, or max skew assignments found ;
; y1[10]      ; No output delay, min/max delays, false-path exceptions, or max skew assignments found ;
; y1[11]      ; No output delay, min/max delays, false-path exceptions, or max skew assignments found ;
; y1[12]      ; No output delay, min/max delays, false-path exceptions, or max skew assignments found ;
; y1[13]      ; No output delay, min/max delays, false-path exceptions, or max skew assignments found ;
; y1[14]      ; No output delay, min/max delays, false-path exceptions, or max skew assignments found ;
; y1[15]      ; No output delay, min/max delays, false-path exceptions, or max skew assignments found ;
; y1[16]      ; No output delay, min/max delays, false-path exceptions, or max skew assignments found ;
; y1[17]      ; No output delay, min/max delays, false-path exceptions, or max skew assignments found ;
; y1[18]      ; No output delay, min/max delays, false-path exceptions, or max skew assignments found ;
; y1[19]      ; No output delay, min/max delays, false-path exceptions, or max skew assignments found ;
; y1[20]      ; No output delay, min/max delays, false-path exceptions, or max skew assignments found ;
; y1[21]      ; No output delay, min/max delays, false-path exceptions, or max skew assignments found ;
; y1[22]      ; No output delay, min/max delays, false-path exceptions, or max skew assignments found ;
; y1[23]      ; No output delay, min/max delays, false-path exceptions, or max skew assignments found ;
; y1[24]      ; No output delay, min/max delays, false-path exceptions, or max skew assignments found ;
; y1[25]      ; No output delay, min/max delays, false-path exceptions, or max skew assignments found ;
; y1[26]      ; No output delay, min/max delays, false-path exceptions, or max skew assignments found ;
; y1[27]      ; No output delay, min/max delays, false-path exceptions, or max skew assignments found ;
; y1[28]      ; No output delay, min/max delays, false-path exceptions, or max skew assignments found ;
; y1[29]      ; No output delay, min/max delays, false-path exceptions, or max skew assignments found ;
; y1[30]      ; No output delay, min/max delays, false-path exceptions, or max skew assignments found ;
; y1[31]      ; No output delay, min/max delays, false-path exceptions, or max skew assignments found ;
; y2[0]       ; No output delay, min/max delays, false-path exceptions, or max skew assignments found ;
; y2[1]       ; No output delay, min/max delays, false-path exceptions, or max skew assignments found ;
; y2[2]       ; No output delay, min/max delays, false-path exceptions, or max skew assignments found ;
; y2[3]       ; No output delay, min/max delays, false-path exceptions, or max skew assignments found ;
; y2[4]       ; No output delay, min/max delays, false-path exceptions, or max skew assignments found ;
; y2[5]       ; No output delay, min/max delays, false-path exceptions, or max skew assignments found ;
; y2[6]       ; No output delay, min/max delays, false-path exceptions, or max skew assignments found ;
; y2[7]       ; No output delay, min/max delays, false-path exceptions, or max skew assignments found ;
; y2[8]       ; No output delay, min/max delays, false-path exceptions, or max skew assignments found ;
; y2[9]       ; No output delay, min/max delays, false-path exceptions, or max skew assignments found ;
; y2[10]      ; No output delay, min/max delays, false-path exceptions, or max skew assignments found ;
; y2[11]      ; No output delay, min/max delays, false-path exceptions, or max skew assignments found ;
; y2[12]      ; No output delay, min/max delays, false-path exceptions, or max skew assignments found ;
; y2[13]      ; No output delay, min/max delays, false-path exceptions, or max skew assignments found ;
; y2[14]      ; No output delay, min/max delays, false-path exceptions, or max skew assignments found ;
; y2[15]      ; No output delay, min/max delays, false-path exceptions, or max skew assignments found ;
; y2[16]      ; No output delay, min/max delays, false-path exceptions, or max skew assignments found ;
; y2[17]      ; No output delay, min/max delays, false-path exceptions, or max skew assignments found ;
; y2[18]      ; No output delay, min/max delays, false-path exceptions, or max skew assignments found ;
; y2[19]      ; No output delay, min/max delays, false-path exceptions, or max skew assignments found ;
; y2[20]      ; No output delay, min/max delays, false-path exceptions, or max skew assignments found ;
; y2[21]      ; No output delay, min/max delays, false-path exceptions, or max skew assignments found ;
; y2[22]      ; No output delay, min/max delays, false-path exceptions, or max skew assignments found ;
; y2[23]      ; No output delay, min/max delays, false-path exceptions, or max skew assignments found ;
; y2[24]      ; No output delay, min/max delays, false-path exceptions, or max skew assignments found ;
; y2[25]      ; No output delay, min/max delays, false-path exceptions, or max skew assignments found ;
; y2[26]      ; No output delay, min/max delays, false-path exceptions, or max skew assignments found ;
; y2[27]      ; No output delay, min/max delays, false-path exceptions, or max skew assignments found ;
; y2[28]      ; No output delay, min/max delays, false-path exceptions, or max skew assignments found ;
; y2[29]      ; No output delay, min/max delays, false-path exceptions, or max skew assignments found ;
; y2[30]      ; No output delay, min/max delays, false-path exceptions, or max skew assignments found ;
; y2[31]      ; No output delay, min/max delays, false-path exceptions, or max skew assignments found ;
; y3[0]       ; No output delay, min/max delays, false-path exceptions, or max skew assignments found ;
; y3[1]       ; No output delay, min/max delays, false-path exceptions, or max skew assignments found ;
; y3[2]       ; No output delay, min/max delays, false-path exceptions, or max skew assignments found ;
; y3[3]       ; No output delay, min/max delays, false-path exceptions, or max skew assignments found ;
; y3[4]       ; No output delay, min/max delays, false-path exceptions, or max skew assignments found ;
; y3[5]       ; No output delay, min/max delays, false-path exceptions, or max skew assignments found ;
; y3[6]       ; No output delay, min/max delays, false-path exceptions, or max skew assignments found ;
; y3[7]       ; No output delay, min/max delays, false-path exceptions, or max skew assignments found ;
; y3[8]       ; No output delay, min/max delays, false-path exceptions, or max skew assignments found ;
; y3[9]       ; No output delay, min/max delays, false-path exceptions, or max skew assignments found ;
; y3[10]      ; No output delay, min/max delays, false-path exceptions, or max skew assignments found ;
; y3[11]      ; No output delay, min/max delays, false-path exceptions, or max skew assignments found ;
; y3[12]      ; No output delay, min/max delays, false-path exceptions, or max skew assignments found ;
; y3[13]      ; No output delay, min/max delays, false-path exceptions, or max skew assignments found ;
; y3[14]      ; No output delay, min/max delays, false-path exceptions, or max skew assignments found ;
; y3[15]      ; No output delay, min/max delays, false-path exceptions, or max skew assignments found ;
; y3[16]      ; No output delay, min/max delays, false-path exceptions, or max skew assignments found ;
; y3[17]      ; No output delay, min/max delays, false-path exceptions, or max skew assignments found ;
; y3[18]      ; No output delay, min/max delays, false-path exceptions, or max skew assignments found ;
; y3[19]      ; No output delay, min/max delays, false-path exceptions, or max skew assignments found ;
; y3[20]      ; No output delay, min/max delays, false-path exceptions, or max skew assignments found ;
; y3[21]      ; No output delay, min/max delays, false-path exceptions, or max skew assignments found ;
; y3[22]      ; No output delay, min/max delays, false-path exceptions, or max skew assignments found ;
; y3[23]      ; No output delay, min/max delays, false-path exceptions, or max skew assignments found ;
; y3[24]      ; No output delay, min/max delays, false-path exceptions, or max skew assignments found ;
; y3[25]      ; No output delay, min/max delays, false-path exceptions, or max skew assignments found ;
; y3[26]      ; No output delay, min/max delays, false-path exceptions, or max skew assignments found ;
; y3[27]      ; No output delay, min/max delays, false-path exceptions, or max skew assignments found ;
; y3[28]      ; No output delay, min/max delays, false-path exceptions, or max skew assignments found ;
; y3[29]      ; No output delay, min/max delays, false-path exceptions, or max skew assignments found ;
; y3[30]      ; No output delay, min/max delays, false-path exceptions, or max skew assignments found ;
; y3[31]      ; No output delay, min/max delays, false-path exceptions, or max skew assignments found ;
+-------------+---------------------------------------------------------------------------------------+


+---------------------------------------------------------------------------------------------------+
; Unconstrained Input Ports                                                                         ;
+------------+--------------------------------------------------------------------------------------+
; Input Port ; Comment                                                                              ;
+------------+--------------------------------------------------------------------------------------+
; w00[0]     ; No input delay, min/max delays, false-path exceptions, or max skew assignments found ;
; w00[1]     ; No input delay, min/max delays, false-path exceptions, or max skew assignments found ;
; w00[2]     ; No input delay, min/max delays, false-path exceptions, or max skew assignments found ;
; w00[3]     ; No input delay, min/max delays, false-path exceptions, or max skew assignments found ;
; w00[4]     ; No input delay, min/max delays, false-path exceptions, or max skew assignments found ;
; w00[5]     ; No input delay, min/max delays, false-path exceptions, or max skew assignments found ;
; w00[6]     ; No input delay, min/max delays, false-path exceptions, or max skew assignments found ;
; w00[7]     ; No input delay, min/max delays, false-path exceptions, or max skew assignments found ;
; w01[0]     ; No input delay, min/max delays, false-path exceptions, or max skew assignments found ;
; w01[1]     ; No input delay, min/max delays, false-path exceptions, or max skew assignments found ;
; w01[2]     ; No input delay, min/max delays, false-path exceptions, or max skew assignments found ;
; w01[3]     ; No input delay, min/max delays, false-path exceptions, or max skew assignments found ;
; w01[4]     ; No input delay, min/max delays, false-path exceptions, or max skew assignments found ;
; w01[5]     ; No input delay, min/max delays, false-path exceptions, or max skew assignments found ;
; w01[6]     ; No input delay, min/max delays, false-path exceptions, or max skew assignments found ;
; w01[7]     ; No input delay, min/max delays, false-path exceptions, or max skew assignments found ;
; w02[0]     ; No input delay, min/max delays, false-path exceptions, or max skew assignments found ;
; w02[1]     ; No input delay, min/max delays, false-path exceptions, or max skew assignments found ;
; w02[2]     ; No input delay, min/max delays, false-path exceptions, or max skew assignments found ;
; w02[3]     ; No input delay, min/max delays, false-path exceptions, or max skew assignments found ;
; w02[4]     ; No input delay, min/max delays, false-path exceptions, or max skew assignments found ;
; w02[5]     ; No input delay, min/max delays, false-path exceptions, or max skew assignments found ;
; w02[6]     ; No input delay, min/max delays, false-path exceptions, or max skew assignments found ;
; w02[7]     ; No input delay, min/max delays, false-path exceptions, or max skew assignments found ;
; w03[0]     ; No input delay, min/max delays, false-path exceptions, or max skew assignments found ;
; w03[1]     ; No input delay, min/max delays, false-path exceptions, or max skew assignments found ;
; w03[2]     ; No input delay, min/max delays, false-path exceptions, or max skew assignments found ;
; w03[3]     ; No input delay, min/max delays, false-path exceptions, or max skew assignments found ;
; w03[4]     ; No input delay, min/max delays, false-path exceptions, or max skew assignments found ;
; w03[5]     ; No input delay, min/max delays, false-path exceptions, or max skew assignments found ;
; w03[6]     ; No input delay, min/max delays, false-path exceptions, or max skew assignments found ;
; w03[7]     ; No input delay, min/max delays, false-path exceptions, or max skew assignments found ;
; w10[0]     ; No input delay, min/max delays, false-path exceptions, or max skew assignments found ;
; w10[1]     ; No input delay, min/max delays, false-path exceptions, or max skew assignments found ;
; w10[2]     ; No input delay, min/max delays, false-path exceptions, or max skew assignments found ;
; w10[3]     ; No input delay, min/max delays, false-path exceptions, or max skew assignments found ;
; w10[4]     ; No input delay, min/max delays, false-path exceptions, or max skew assignments found ;
; w10[5]     ; No input delay, min/max delays, false-path exceptions, or max skew assignments found ;
; w10[6]     ; No input delay, min/max delays, false-path exceptions, or max skew assignments found ;
; w10[7]     ; No input delay, min/max delays, false-path exceptions, or max skew assignments found ;
; w11[0]     ; No input delay, min/max delays, false-path exceptions, or max skew assignments found ;
; w11[1]     ; No input delay, min/max delays, false-path exceptions, or max skew assignments found ;
; w11[2]     ; No input delay, min/max delays, false-path exceptions, or max skew assignments found ;
; w11[3]     ; No input delay, min/max delays, false-path exceptions, or max skew assignments found ;
; w11[4]     ; No input delay, min/max delays, false-path exceptions, or max skew assignments found ;
; w11[5]     ; No input delay, min/max delays, false-path exceptions, or max skew assignments found ;
; w11[6]     ; No input delay, min/max delays, false-path exceptions, or max skew assignments found ;
; w11[7]     ; No input delay, min/max delays, false-path exceptions, or max skew assignments found ;
; w12[0]     ; No input delay, min/max delays, false-path exceptions, or max skew assignments found ;
; w12[1]     ; No input delay, min/max delays, false-path exceptions, or max skew assignments found ;
; w12[2]     ; No input delay, min/max delays, false-path exceptions, or max skew assignments found ;
; w12[3]     ; No input delay, min/max delays, false-path exceptions, or max skew assignments found ;
; w12[4]     ; No input delay, min/max delays, false-path exceptions, or max skew assignments found ;
; w12[5]     ; No input delay, min/max delays, false-path exceptions, or max skew assignments found ;
; w12[6]     ; No input delay, min/max delays, false-path exceptions, or max skew assignments found ;
; w12[7]     ; No input delay, min/max delays, false-path exceptions, or max skew assignments found ;
; w13[0]     ; No input delay, min/max delays, false-path exceptions, or max skew assignments found ;
; w13[1]     ; No input delay, min/max delays, false-path exceptions, or max skew assignments found ;
; w13[2]     ; No input delay, min/max delays, false-path exceptions, or max skew assignments found ;
; w13[3]     ; No input delay, min/max delays, false-path exceptions, or max skew assignments found ;
; w13[4]     ; No input delay, min/max delays, false-path exceptions, or max skew assignments found ;
; w13[5]     ; No input delay, min/max delays, false-path exceptions, or max skew assignments found ;
; w13[6]     ; No input delay, min/max delays, false-path exceptions, or max skew assignments found ;
; w13[7]     ; No input delay, min/max delays, false-path exceptions, or max skew assignments found ;
; w20[0]     ; No input delay, min/max delays, false-path exceptions, or max skew assignments found ;
; w20[1]     ; No input delay, min/max delays, false-path exceptions, or max skew assignments found ;
; w20[2]     ; No input delay, min/max delays, false-path exceptions, or max skew assignments found ;
; w20[3]     ; No input delay, min/max delays, false-path exceptions, or max skew assignments found ;
; w20[4]     ; No input delay, min/max delays, false-path exceptions, or max skew assignments found ;
; w20[5]     ; No input delay, min/max delays, false-path exceptions, or max skew assignments found ;
; w20[6]     ; No input delay, min/max delays, false-path exceptions, or max skew assignments found ;
; w20[7]     ; No input delay, min/max delays, false-path exceptions, or max skew assignments found ;
; w21[0]     ; No input delay, min/max delays, false-path exceptions, or max skew assignments found ;
; w21[1]     ; No input delay, min/max delays, false-path exceptions, or max skew assignments found ;
; w21[2]     ; No input delay, min/max delays, false-path exceptions, or max skew assignments found ;
; w21[3]     ; No input delay, min/max delays, false-path exceptions, or max skew assignments found ;
; w21[4]     ; No input delay, min/max delays, false-path exceptions, or max skew assignments found ;
; w21[5]     ; No input delay, min/max delays, false-path exceptions, or max skew assignments found ;
; w21[6]     ; No input delay, min/max delays, false-path exceptions, or max skew assignments found ;
; w21[7]     ; No input delay, min/max delays, false-path exceptions, or max skew assignments found ;
; w22[0]     ; No input delay, min/max delays, false-path exceptions, or max skew assignments found ;
; w22[1]     ; No input delay, min/max delays, false-path exceptions, or max skew assignments found ;
; w22[2]     ; No input delay, min/max delays, false-path exceptions, or max skew assignments found ;
; w22[3]     ; No input delay, min/max delays, false-path exceptions, or max skew assignments found ;
; w22[4]     ; No input delay, min/max delays, false-path exceptions, or max skew assignments found ;
; w22[5]     ; No input delay, min/max delays, false-path exceptions, or max skew assignments found ;
; w22[6]     ; No input delay, min/max delays, false-path exceptions, or max skew assignments found ;
; w22[7]     ; No input delay, min/max delays, false-path exceptions, or max skew assignments found ;
; w23[0]     ; No input delay, min/max delays, false-path exceptions, or max skew assignments found ;
; w23[1]     ; No input delay, min/max delays, false-path exceptions, or max skew assignments found ;
; w23[2]     ; No input delay, min/max delays, false-path exceptions, or max skew assignments found ;
; w23[3]     ; No input delay, min/max delays, false-path exceptions, or max skew assignments found ;
; w23[4]     ; No input delay, min/max delays, false-path exceptions, or max skew assignments found ;
; w23[5]     ; No input delay, min/max delays, false-path exceptions, or max skew assignments found ;
; w23[6]     ; No input delay, min/max delays, false-path exceptions, or max skew assignments found ;
; w23[7]     ; No input delay, min/max delays, false-path exceptions, or max skew assignments found ;
; w30[0]     ; No input delay, min/max delays, false-path exceptions, or max skew assignments found ;
; w30[1]     ; No input delay, min/max delays, false-path exceptions, or max skew assignments found ;
; w30[2]     ; No input delay, min/max delays, false-path exceptions, or max skew assignments found ;
; w30[3]     ; No input delay, min/max delays, false-path exceptions, or max skew assignments found ;
; w30[4]     ; No input delay, min/max delays, false-path exceptions, or max skew assignments found ;
; w30[5]     ; No input delay, min/max delays, false-path exceptions, or max skew assignments found ;
; w30[6]     ; No input delay, min/max delays, false-path exceptions, or max skew assignments found ;
; w30[7]     ; No input delay, min/max delays, false-path exceptions, or max skew assignments found ;
; w31[0]     ; No input delay, min/max delays, false-path exceptions, or max skew assignments found ;
; w31[1]     ; No input delay, min/max delays, false-path exceptions, or max skew assignments found ;
; w31[2]     ; No input delay, min/max delays, false-path exceptions, or max skew assignments found ;
; w31[3]     ; No input delay, min/max delays, false-path exceptions, or max skew assignments found ;
; w31[4]     ; No input delay, min/max delays, false-path exceptions, or max skew assignments found ;
; w31[5]     ; No input delay, min/max delays, false-path exceptions, or max skew assignments found ;
; w31[6]     ; No input delay, min/max delays, false-path exceptions, or max skew assignments found ;
; w31[7]     ; No input delay, min/max delays, false-path exceptions, or max skew assignments found ;
; w32[0]     ; No input delay, min/max delays, false-path exceptions, or max skew assignments found ;
; w32[1]     ; No input delay, min/max delays, false-path exceptions, or max skew assignments found ;
; w32[2]     ; No input delay, min/max delays, false-path exceptions, or max skew assignments found ;
; w32[3]     ; No input delay, min/max delays, false-path exceptions, or max skew assignments found ;
; w32[4]     ; No input delay, min/max delays, false-path exceptions, or max skew assignments found ;
; w32[5]     ; No input delay, min/max delays, false-path exceptions, or max skew assignments found ;
; w32[6]     ; No input delay, min/max delays, false-path exceptions, or max skew assignments found ;
; w32[7]     ; No input delay, min/max delays, false-path exceptions, or max skew assignments found ;
; w33[0]     ; No input delay, min/max delays, false-path exceptions, or max skew assignments found ;
; w33[1]     ; No input delay, min/max delays, false-path exceptions, or max skew assignments found ;
; w33[2]     ; No input delay, min/max delays, false-path exceptions, or max skew assignments found ;
; w33[3]     ; No input delay, min/max delays, false-path exceptions, or max skew assignments found ;
; w33[4]     ; No input delay, min/max delays, false-path exceptions, or max skew assignments found ;
; w33[5]     ; No input delay, min/max delays, false-path exceptions, or max skew assignments found ;
; w33[6]     ; No input delay, min/max delays, false-path exceptions, or max skew assignments found ;
; w33[7]     ; No input delay, min/max delays, false-path exceptions, or max skew assignments found ;
; x0[0]      ; No input delay, min/max delays, false-path exceptions, or max skew assignments found ;
; x0[1]      ; No input delay, min/max delays, false-path exceptions, or max skew assignments found ;
; x0[2]      ; No input delay, min/max delays, false-path exceptions, or max skew assignments found ;
; x0[3]      ; No input delay, min/max delays, false-path exceptions, or max skew assignments found ;
; x0[4]      ; No input delay, min/max delays, false-path exceptions, or max skew assignments found ;
; x0[5]      ; No input delay, min/max delays, false-path exceptions, or max skew assignments found ;
; x0[6]      ; No input delay, min/max delays, false-path exceptions, or max skew assignments found ;
; x0[7]      ; No input delay, min/max delays, false-path exceptions, or max skew assignments found ;
; x1[0]      ; No input delay, min/max delays, false-path exceptions, or max skew assignments found ;
; x1[1]      ; No input delay, min/max delays, false-path exceptions, or max skew assignments found ;
; x1[2]      ; No input delay, min/max delays, false-path exceptions, or max skew assignments found ;
; x1[3]      ; No input delay, min/max delays, false-path exceptions, or max skew assignments found ;
; x1[4]      ; No input delay, min/max delays, false-path exceptions, or max skew assignments found ;
; x1[5]      ; No input delay, min/max delays, false-path exceptions, or max skew assignments found ;
; x1[6]      ; No input delay, min/max delays, false-path exceptions, or max skew assignments found ;
; x1[7]      ; No input delay, min/max delays, false-path exceptions, or max skew assignments found ;
; x2[0]      ; No input delay, min/max delays, false-path exceptions, or max skew assignments found ;
; x2[1]      ; No input delay, min/max delays, false-path exceptions, or max skew assignments found ;
; x2[2]      ; No input delay, min/max delays, false-path exceptions, or max skew assignments found ;
; x2[3]      ; No input delay, min/max delays, false-path exceptions, or max skew assignments found ;
; x2[4]      ; No input delay, min/max delays, false-path exceptions, or max skew assignments found ;
; x2[5]      ; No input delay, min/max delays, false-path exceptions, or max skew assignments found ;
; x2[6]      ; No input delay, min/max delays, false-path exceptions, or max skew assignments found ;
; x2[7]      ; No input delay, min/max delays, false-path exceptions, or max skew assignments found ;
; x3[0]      ; No input delay, min/max delays, false-path exceptions, or max skew assignments found ;
; x3[1]      ; No input delay, min/max delays, false-path exceptions, or max skew assignments found ;
; x3[2]      ; No input delay, min/max delays, false-path exceptions, or max skew assignments found ;
; x3[3]      ; No input delay, min/max delays, false-path exceptions, or max skew assignments found ;
; x3[4]      ; No input delay, min/max delays, false-path exceptions, or max skew assignments found ;
; x3[5]      ; No input delay, min/max delays, false-path exceptions, or max skew assignments found ;
; x3[6]      ; No input delay, min/max delays, false-path exceptions, or max skew assignments found ;
; x3[7]      ; No input delay, min/max delays, false-path exceptions, or max skew assignments found ;
+------------+--------------------------------------------------------------------------------------+


+-----------------------------------------------------------------------------------------------------+
; Unconstrained Output Ports                                                                          ;
+-------------+---------------------------------------------------------------------------------------+
; Output Port ; Comment                                                                               ;
+-------------+---------------------------------------------------------------------------------------+
; y0[0]       ; No output delay, min/max delays, false-path exceptions, or max skew assignments found ;
; y0[1]       ; No output delay, min/max delays, false-path exceptions, or max skew assignments found ;
; y0[2]       ; No output delay, min/max delays, false-path exceptions, or max skew assignments found ;
; y0[3]       ; No output delay, min/max delays, false-path exceptions, or max skew assignments found ;
; y0[4]       ; No output delay, min/max delays, false-path exceptions, or max skew assignments found ;
; y0[5]       ; No output delay, min/max delays, false-path exceptions, or max skew assignments found ;
; y0[6]       ; No output delay, min/max delays, false-path exceptions, or max skew assignments found ;
; y0[7]       ; No output delay, min/max delays, false-path exceptions, or max skew assignments found ;
; y0[8]       ; No output delay, min/max delays, false-path exceptions, or max skew assignments found ;
; y0[9]       ; No output delay, min/max delays, false-path exceptions, or max skew assignments found ;
; y0[10]      ; No output delay, min/max delays, false-path exceptions, or max skew assignments found ;
; y0[11]      ; No output delay, min/max delays, false-path exceptions, or max skew assignments found ;
; y0[12]      ; No output delay, min/max delays, false-path exceptions, or max skew assignments found ;
; y0[13]      ; No output delay, min/max delays, false-path exceptions, or max skew assignments found ;
; y0[14]      ; No output delay, min/max delays, false-path exceptions, or max skew assignments found ;
; y0[15]      ; No output delay, min/max delays, false-path exceptions, or max skew assignments found ;
; y0[16]      ; No output delay, min/max delays, false-path exceptions, or max skew assignments found ;
; y0[17]      ; No output delay, min/max delays, false-path exceptions, or max skew assignments found ;
; y0[18]      ; No output delay, min/max delays, false-path exceptions, or max skew assignments found ;
; y0[19]      ; No output delay, min/max delays, false-path exceptions, or max skew assignments found ;
; y0[20]      ; No output delay, min/max delays, false-path exceptions, or max skew assignments found ;
; y0[21]      ; No output delay, min/max delays, false-path exceptions, or max skew assignments found ;
; y0[22]      ; No output delay, min/max delays, false-path exceptions, or max skew assignments found ;
; y0[23]      ; No output delay, min/max delays, false-path exceptions, or max skew assignments found ;
; y0[24]      ; No output delay, min/max delays, false-path exceptions, or max skew assignments found ;
; y0[25]      ; No output delay, min/max delays, false-path exceptions, or max skew assignments found ;
; y0[26]      ; No output delay, min/max delays, false-path exceptions, or max skew assignments found ;
; y0[27]      ; No output delay, min/max delays, false-path exceptions, or max skew assignments found ;
; y0[28]      ; No output delay, min/max delays, false-path exceptions, or max skew assignments found ;
; y0[29]      ; No output delay, min/max delays, false-path exceptions, or max skew assignments found ;
; y0[30]      ; No output delay, min/max delays, false-path exceptions, or max skew assignments found ;
; y0[31]      ; No output delay, min/max delays, false-path exceptions, or max skew assignments found ;
; y1[0]       ; No output delay, min/max delays, false-path exceptions, or max skew assignments found ;
; y1[1]       ; No output delay, min/max delays, false-path exceptions, or max skew assignments found ;
; y1[2]       ; No output delay, min/max delays, false-path exceptions, or max skew assignments found ;
; y1[3]       ; No output delay, min/max delays, false-path exceptions, or max skew assignments found ;
; y1[4]       ; No output delay, min/max delays, false-path exceptions, or max skew assignments found ;
; y1[5]       ; No output delay, min/max delays, false-path exceptions, or max skew assignments found ;
; y1[6]       ; No output delay, min/max delays, false-path exceptions, or max skew assignments found ;
; y1[7]       ; No output delay, min/max delays, false-path exceptions, or max skew assignments found ;
; y1[8]       ; No output delay, min/max delays, false-path exceptions, or max skew assignments found ;
; y1[9]       ; No output delay, min/max delays, false-path exceptions, or max skew assignments found ;
; y1[10]      ; No output delay, min/max delays, false-path exceptions, or max skew assignments found ;
; y1[11]      ; No output delay, min/max delays, false-path exceptions, or max skew assignments found ;
; y1[12]      ; No output delay, min/max delays, false-path exceptions, or max skew assignments found ;
; y1[13]      ; No output delay, min/max delays, false-path exceptions, or max skew assignments found ;
; y1[14]      ; No output delay, min/max delays, false-path exceptions, or max skew assignments found ;
; y1[15]      ; No output delay, min/max delays, false-path exceptions, or max skew assignments found ;
; y1[16]      ; No output delay, min/max delays, false-path exceptions, or max skew assignments found ;
; y1[17]      ; No output delay, min/max delays, false-path exceptions, or max skew assignments found ;
; y1[18]      ; No output delay, min/max delays, false-path exceptions, or max skew assignments found ;
; y1[19]      ; No output delay, min/max delays, false-path exceptions, or max skew assignments found ;
; y1[20]      ; No output delay, min/max delays, false-path exceptions, or max skew assignments found ;
; y1[21]      ; No output delay, min/max delays, false-path exceptions, or max skew assignments found ;
; y1[22]      ; No output delay, min/max delays, false-path exceptions, or max skew assignments found ;
; y1[23]      ; No output delay, min/max delays, false-path exceptions, or max skew assignments found ;
; y1[24]      ; No output delay, min/max delays, false-path exceptions, or max skew assignments found ;
; y1[25]      ; No output delay, min/max delays, false-path exceptions, or max skew assignments found ;
; y1[26]      ; No output delay, min/max delays, false-path exceptions, or max skew assignments found ;
; y1[27]      ; No output delay, min/max delays, false-path exceptions, or max skew assignments found ;
; y1[28]      ; No output delay, min/max delays, false-path exceptions, or max skew assignments found ;
; y1[29]      ; No output delay, min/max delays, false-path exceptions, or max skew assignments found ;
; y1[30]      ; No output delay, min/max delays, false-path exceptions, or max skew assignments found ;
; y1[31]      ; No output delay, min/max delays, false-path exceptions, or max skew assignments found ;
; y2[0]       ; No output delay, min/max delays, false-path exceptions, or max skew assignments found ;
; y2[1]       ; No output delay, min/max delays, false-path exceptions, or max skew assignments found ;
; y2[2]       ; No output delay, min/max delays, false-path exceptions, or max skew assignments found ;
; y2[3]       ; No output delay, min/max delays, false-path exceptions, or max skew assignments found ;
; y2[4]       ; No output delay, min/max delays, false-path exceptions, or max skew assignments found ;
; y2[5]       ; No output delay, min/max delays, false-path exceptions, or max skew assignments found ;
; y2[6]       ; No output delay, min/max delays, false-path exceptions, or max skew assignments found ;
; y2[7]       ; No output delay, min/max delays, false-path exceptions, or max skew assignments found ;
; y2[8]       ; No output delay, min/max delays, false-path exceptions, or max skew assignments found ;
; y2[9]       ; No output delay, min/max delays, false-path exceptions, or max skew assignments found ;
; y2[10]      ; No output delay, min/max delays, false-path exceptions, or max skew assignments found ;
; y2[11]      ; No output delay, min/max delays, false-path exceptions, or max skew assignments found ;
; y2[12]      ; No output delay, min/max delays, false-path exceptions, or max skew assignments found ;
; y2[13]      ; No output delay, min/max delays, false-path exceptions, or max skew assignments found ;
; y2[14]      ; No output delay, min/max delays, false-path exceptions, or max skew assignments found ;
; y2[15]      ; No output delay, min/max delays, false-path exceptions, or max skew assignments found ;
; y2[16]      ; No output delay, min/max delays, false-path exceptions, or max skew assignments found ;
; y2[17]      ; No output delay, min/max delays, false-path exceptions, or max skew assignments found ;
; y2[18]      ; No output delay, min/max delays, false-path exceptions, or max skew assignments found ;
; y2[19]      ; No output delay, min/max delays, false-path exceptions, or max skew assignments found ;
; y2[20]      ; No output delay, min/max delays, false-path exceptions, or max skew assignments found ;
; y2[21]      ; No output delay, min/max delays, false-path exceptions, or max skew assignments found ;
; y2[22]      ; No output delay, min/max delays, false-path exceptions, or max skew assignments found ;
; y2[23]      ; No output delay, min/max delays, false-path exceptions, or max skew assignments found ;
; y2[24]      ; No output delay, min/max delays, false-path exceptions, or max skew assignments found ;
; y2[25]      ; No output delay, min/max delays, false-path exceptions, or max skew assignments found ;
; y2[26]      ; No output delay, min/max delays, false-path exceptions, or max skew assignments found ;
; y2[27]      ; No output delay, min/max delays, false-path exceptions, or max skew assignments found ;
; y2[28]      ; No output delay, min/max delays, false-path exceptions, or max skew assignments found ;
; y2[29]      ; No output delay, min/max delays, false-path exceptions, or max skew assignments found ;
; y2[30]      ; No output delay, min/max delays, false-path exceptions, or max skew assignments found ;
; y2[31]      ; No output delay, min/max delays, false-path exceptions, or max skew assignments found ;
; y3[0]       ; No output delay, min/max delays, false-path exceptions, or max skew assignments found ;
; y3[1]       ; No output delay, min/max delays, false-path exceptions, or max skew assignments found ;
; y3[2]       ; No output delay, min/max delays, false-path exceptions, or max skew assignments found ;
; y3[3]       ; No output delay, min/max delays, false-path exceptions, or max skew assignments found ;
; y3[4]       ; No output delay, min/max delays, false-path exceptions, or max skew assignments found ;
; y3[5]       ; No output delay, min/max delays, false-path exceptions, or max skew assignments found ;
; y3[6]       ; No output delay, min/max delays, false-path exceptions, or max skew assignments found ;
; y3[7]       ; No output delay, min/max delays, false-path exceptions, or max skew assignments found ;
; y3[8]       ; No output delay, min/max delays, false-path exceptions, or max skew assignments found ;
; y3[9]       ; No output delay, min/max delays, false-path exceptions, or max skew assignments found ;
; y3[10]      ; No output delay, min/max delays, false-path exceptions, or max skew assignments found ;
; y3[11]      ; No output delay, min/max delays, false-path exceptions, or max skew assignments found ;
; y3[12]      ; No output delay, min/max delays, false-path exceptions, or max skew assignments found ;
; y3[13]      ; No output delay, min/max delays, false-path exceptions, or max skew assignments found ;
; y3[14]      ; No output delay, min/max delays, false-path exceptions, or max skew assignments found ;
; y3[15]      ; No output delay, min/max delays, false-path exceptions, or max skew assignments found ;
; y3[16]      ; No output delay, min/max delays, false-path exceptions, or max skew assignments found ;
; y3[17]      ; No output delay, min/max delays, false-path exceptions, or max skew assignments found ;
; y3[18]      ; No output delay, min/max delays, false-path exceptions, or max skew assignments found ;
; y3[19]      ; No output delay, min/max delays, false-path exceptions, or max skew assignments found ;
; y3[20]      ; No output delay, min/max delays, false-path exceptions, or max skew assignments found ;
; y3[21]      ; No output delay, min/max delays, false-path exceptions, or max skew assignments found ;
; y3[22]      ; No output delay, min/max delays, false-path exceptions, or max skew assignments found ;
; y3[23]      ; No output delay, min/max delays, false-path exceptions, or max skew assignments found ;
; y3[24]      ; No output delay, min/max delays, false-path exceptions, or max skew assignments found ;
; y3[25]      ; No output delay, min/max delays, false-path exceptions, or max skew assignments found ;
; y3[26]      ; No output delay, min/max delays, false-path exceptions, or max skew assignments found ;
; y3[27]      ; No output delay, min/max delays, false-path exceptions, or max skew assignments found ;
; y3[28]      ; No output delay, min/max delays, false-path exceptions, or max skew assignments found ;
; y3[29]      ; No output delay, min/max delays, false-path exceptions, or max skew assignments found ;
; y3[30]      ; No output delay, min/max delays, false-path exceptions, or max skew assignments found ;
; y3[31]      ; No output delay, min/max delays, false-path exceptions, or max skew assignments found ;
+-------------+---------------------------------------------------------------------------------------+


+--------------------------+
; Timing Analyzer Messages ;
+--------------------------+
Info: *******************************************************************
Info: Running Quartus Prime Timing Analyzer
    Info: Version 25.1std.0 Build 1129 10/21/2025 SC Lite Edition
    Info: Processing started: Thu Sep 17 11:36:08 2026
Info: Command: quartus_sta int8_baseline_lut_only -c int8_baseline_lut_only
Info: qsta_default_script.tcl version: #1
Info (20032): Parallel compilation is enabled and will use up to 4 processors
Info (21076): High junction temperature operating condition is not set. Assuming a default value of '85'.
Info (21076): Low junction temperature operating condition is not set. Assuming a default value of '0'.
Info (332104): Reading SDC File: 'int8_baseline_lut_only.sdc'
Info: Found TIMING_ANALYZER_REPORT_SCRIPT_INCLUDE_DEFAULT_ANALYSIS = ON
Info: Analyzing Slow 1200mV 85C Model
Info: Can't run Report Timing Closure Recommendations. The current device family is not supported.
Critical Warning (332148): Timing requirements not met
Info (332146): Worst-case setup slack is -8.063
    Info (332119):     Slack       End Point TNS Clock 
    Info (332119): ========= =================== =====================
    Info (332119):    -8.063            -818.783 clk 
Info (332146): Worst-case hold slack is 2.417
    Info (332119):     Slack       End Point TNS Clock 
    Info (332119): ========= =================== =====================
    Info (332119):     2.417               0.000 clk 
Info (332140): No Recovery paths to report
Info (332140): No Removal paths to report
Info (332146): Worst-case minimum pulse width slack is 1.000
    Info (332119):     Slack       End Point TNS Clock 
    Info (332119): ========= =================== =====================
    Info (332119):     1.000               0.000 clk 
Info: Analyzing Slow 1200mV 0C Model
Info (334003): Started post-fitting delay annotation
Info (334004): Delay annotation completed successfully
Critical Warning (332148): Timing requirements not met
Info (332146): Worst-case setup slack is -6.915
    Info (332119):     Slack       End Point TNS Clock 
    Info (332119): ========= =================== =====================
    Info (332119):    -6.915            -696.645 clk 
Info (332146): Worst-case hold slack is 2.162
    Info (332119):     Slack       End Point TNS Clock 
    Info (332119): ========= =================== =====================
    Info (332119):     2.162               0.000 clk 
Info (332140): No Recovery paths to report
Info (332140): No Removal paths to report
Info (332146): Worst-case minimum pulse width slack is 1.000
    Info (332119):     Slack       End Point TNS Clock 
    Info (332119): ========= =================== =====================
    Info (332119):     1.000               0.000 clk 
Info: Analyzing Fast 1200mV 0C Model
Critical Warning (332148): Timing requirements not met
Info (332146): Worst-case setup slack is -0.432
    Info (332119):     Slack       End Point TNS Clock 
    Info (332119): ========= =================== =====================
    Info (332119):    -0.432             -16.786 clk 
Info (332146): Worst-case hold slack is 0.976
    Info (332119):     Slack       End Point TNS Clock 
    Info (332119): ========= =================== =====================
    Info (332119):     0.976               0.000 clk 
Info (332140): No Recovery paths to report
Info (332140): No Removal paths to report
Info (332146): Worst-case minimum pulse width slack is 1.000
    Info (332119):     Slack       End Point TNS Clock 
    Info (332119): ========= =================== =====================
    Info (332119):     1.000               0.000 clk 
Info (332102): Design is not fully constrained for setup requirements
Info (332102): Design is not fully constrained for hold requirements
Info: Quartus Prime Timing Analyzer was successful. 0 errors, 3 warnings
    Info: Peak virtual memory: 552 megabytes
    Info: Processing ended: Thu Sep 17 11:37:08 2026
    Info: Elapsed time: 00:01:00
    Info: Total CPU time (on all processors): 00:01:13


